
 Start Length Name Class
 0001:00401000 0001154CCH _TEXT                  CODE
 0002:00517000 00013853CH _DATA                  DATA
 0003:0064F53C 00000CF10H _BSS                   BSS
 0004:00000000 00000009CH _TLS                   TLS


Detailed map of segments
 0001:000003C8 0000009C C=CODE    S=_TEXT    G=(none)   M=D:\SISTEMAS\CALCULADORA\OBJ\CALCULADORA.OBJ ACBP=A9
 0001:00000464 00000155 C=CODE    S=_TEXT    G=(none)   M=C:\LANGUAGE\BORLAND\LIB\C0W32.OBJ ACBP=A9
 0001:000005BC 00000343 C=CODE    S=_TEXT    G=(none)   M=C:\LANGUAGE\FWH\LIB\FIVEHC.LIB|RESCHECK ACBP=A9
 0001:00000900 0000007D C=CODE    S=_TEXT    G=(none)   M=C:\LANGUAGE\FWH\LIB\FIVEHC.LIB|__WNDPRO ACBP=A9
 0001:00000980 00000157 C=CODE    S=_TEXT    G=(none)   M=C:\LANGUAGE\FWH\LIB\FIVEHC.LIB|BMPREAD ACBP=A9
 0001:00000AD8 0000018F C=CODE    S=_TEXT    G=(none)   M=C:\LANGUAGE\FWH\LIB\FIVEHC.LIB|FFDLGPRC ACBP=A9
 0001:00000C68 0000010C C=CODE    S=_TEXT    G=(none)   M=C:\LANGUAGE\FWH\LIB\FIVEHC.LIB|FFWNDRUN ACBP=A9
 0001:00000D74 000001D1 C=CODE    S=_TEXT    G=(none)   M=C:\LANGUAGE\FWH\LIB\FIVEHC.LIB|HARBOURC ACBP=A9
 0001:00000F48 000000D3 C=CODE    S=_TEXT    G=(none)   M=C:\LANGUAGE\FWH\LIB\FIVEHC.LIB|REBARS ACBP=A9
 0001:0000101C 0000014D C=CODE    S=_TEXT    G=(none)   M=C:\LANGUAGE\FWH\LIB\FIVEHC.LIB|SYSREFRE ACBP=A9
 0001:0000116C 000003B6 C=CODE    S=_TEXT    G=(none)   M=C:\LANGUAGE\FWH\LIB\FIVEHC.LIB|TOOLBARS ACBP=A9
 0001:00001524 0000012C C=CODE    S=_TEXT    G=(none)   M=C:\LANGUAGE\FWH\LIB\FIVEHC.LIB|TOOLTIP ACBP=A9
 0001:00001650 0000020C C=CODE    S=_TEXT    G=(none)   M=C:\LANGUAGE\FWH\LIB\FIVEHC.LIB|WNDRUN ACBP=A9
 0001:0000185C 000005BA C=CODE    S=_TEXT    G=(none)   M=C:\LANGUAGE\FWH\LIB\FIVEHC.LIB|DLGBOX ACBP=A9
 0001:00001E18 0000005D C=CODE    S=_TEXT    G=(none)   M=C:\LANGUAGE\FWH\LIB\FIVEHC.LIB|XPROC ACBP=A9
 0001:00001E78 00002BBB C=CODE    S=_TEXT    G=(none)   M=C:\LANGUAGE\FWH\LIB\FIVEHC.LIB|CTLHDLEH ACBP=A9
 0001:00004A34 000016E8 C=CODE    S=_TEXT    G=(none)   M=C:\LANGUAGE\FWH\LIB\FIVEHC.LIB|ACTX ACBP=A9
 0001:0000611C 000000D7 C=CODE    S=_TEXT    G=(none)   M=C:\LANGUAGE\FWH\LIB\FIVEHC.LIB|AAT ACBP=A9
 0001:000061F4 000001B4 C=CODE    S=_TEXT    G=(none)   M=C:\LANGUAGE\FWH\LIB\FIVEHC.LIB|ACCELERA ACBP=A9
 0001:000063A8 000000F4 C=CODE    S=_TEXT    G=(none)   M=C:\LANGUAGE\FWH\LIB\FIVEHC.LIB|ANSIUP ACBP=A9
 0001:0000649C 00000071 C=CODE    S=_TEXT    G=(none)   M=C:\LANGUAGE\FWH\LIB\FIVEHC.LIB|ATOM ACBP=A9
 0001:00006510 00000391 C=CODE    S=_TEXT    G=(none)   M=C:\LANGUAGE\FWH\LIB\FIVEHC.LIB|BARTOOLS ACBP=A9
 0001:000068A4 00000413 C=CODE    S=_TEXT    G=(none)   M=C:\LANGUAGE\FWH\LIB\FIVEHC.LIB|BITMAPS ACBP=A9
 0001:00006CB8 00000E5C C=CODE    S=_TEXT    G=(none)   M=C:\LANGUAGE\FWH\LIB\FIVEHC.LIB|BMPDRAW ACBP=A9
 0001:00007B14 0000012F C=CODE    S=_TEXT    G=(none)   M=C:\LANGUAGE\FWH\LIB\FIVEHC.LIB|BMPS ACBP=A9
 0001:00007C44 0000236B C=CODE    S=_TEXT    G=(none)   M=C:\LANGUAGE\FWH\LIB\FIVEHC.LIB|BRUSHES ACBP=A9
 0001:00009FB0 00000567 C=CODE    S=_TEXT    G=(none)   M=C:\LANGUAGE\FWH\LIB\FIVEHC.LIB|CALLDLL ACBP=A9
 0001:0000A518 000001CB C=CODE    S=_TEXT    G=(none)   M=C:\LANGUAGE\FWH\LIB\FIVEHC.LIB|CALDLL32 ACBP=A9
 0001:0000A6E4 000000B3 C=CODE    S=_TEXT    G=(none)   M=C:\LANGUAGE\FWH\LIB\FIVEHC.LIB|CARET ACBP=A9
 0001:0000A798 00000068 C=CODE    S=_TEXT    G=(none)   M=C:\LANGUAGE\FWH\LIB\FIVEHC.LIB|CHANGEPR ACBP=A9
 0001:0000A800 000001CC C=CODE    S=_TEXT    G=(none)   M=C:\LANGUAGE\FWH\LIB\FIVEHC.LIB|CLPBRD ACBP=A9
 0001:0000A9CC 0000012E C=CODE    S=_TEXT    G=(none)   M=C:\LANGUAGE\FWH\LIB\FIVEHC.LIB|CLRCHOOS ACBP=A9
 0001:0000AAFC 00000104 C=CODE    S=_TEXT    G=(none)   M=C:\LANGUAGE\FWH\LIB\FIVEHC.LIB|CLT2SCR ACBP=A9
 0001:0000AC00 00000298 C=CODE    S=_TEXT    G=(none)   M=C:\LANGUAGE\FWH\LIB\FIVEHC.LIB|CODEGTF ACBP=A9
 0001:0000AE98 000000F7 C=CODE    S=_TEXT    G=(none)   M=C:\LANGUAGE\FWH\LIB\FIVEHC.LIB|COLOR ACBP=A9
 0001:0000AF90 0000036F C=CODE    S=_TEXT    G=(none)   M=C:\LANGUAGE\FWH\LIB\FIVEHC.LIB|COLORTON ACBP=A9
 0001:0000B300 0000002C C=CODE    S=_TEXT    G=(none)   M=C:\LANGUAGE\FWH\LIB\FIVEHC.LIB|CREATEPA ACBP=A9
 0001:0000B32C 0000002C C=CODE    S=_TEXT    G=(none)   M=C:\LANGUAGE\FWH\LIB\FIVEHC.LIB|CREATEPE ACBP=A9
 0001:0000B358 00000061 C=CODE    S=_TEXT    G=(none)   M=C:\LANGUAGE\FWH\LIB\FIVEHC.LIB|CREATESO ACBP=A9
 0001:0000B3BC 000000BF C=CODE    S=_TEXT    G=(none)   M=C:\LANGUAGE\FWH\LIB\FIVEHC.LIB|CREATWND ACBP=A9
 0001:0000B47C 000002FE C=CODE    S=_TEXT    G=(none)   M=C:\LANGUAGE\FWH\LIB\FIVEHC.LIB|CTL3D ACBP=A9
 0001:0000B77C 00000729 C=CODE    S=_TEXT    G=(none)   M=C:\LANGUAGE\FWH\LIB\FIVEHC.LIB|CTRLDRAW ACBP=A9
 0001:0000BEA8 000001E0 C=CODE    S=_TEXT    G=(none)   M=C:\LANGUAGE\FWH\LIB\FIVEHC.LIB|CTRL2CHR ACBP=A9
 0001:0000C088 00000ACC C=CODE    S=_TEXT    G=(none)   M=C:\LANGUAGE\FWH\LIB\FIVEHC.LIB|CURSORS ACBP=A9
 0001:0000CB54 00000113 C=CODE    S=_TEXT    G=(none)   M=C:\LANGUAGE\FWH\LIB\FIVEHC.LIB|DATEPICK ACBP=A9
 0001:0000CC68 0000072E C=CODE    S=_TEXT    G=(none)   M=C:\LANGUAGE\FWH\LIB\FIVEHC.LIB|DC ACBP=A9
 0001:0000D398 0000007A C=CODE    S=_TEXT    G=(none)   M=C:\LANGUAGE\FWH\LIB\FIVEHC.LIB|DDEXC ACBP=A9
 0001:0000D414 00000070 C=CODE    S=_TEXT    G=(none)   M=C:\LANGUAGE\FWH\LIB\FIVEHC.LIB|DELOBJEC ACBP=A9
 0001:0000D484 00000219 C=CODE    S=_TEXT    G=(none)   M=C:\LANGUAGE\FWH\LIB\FIVEHC.LIB|DEVICE ACBP=A9
 0001:0000D6A0 00000044 C=CODE    S=_TEXT    G=(none)   M=C:\LANGUAGE\FWH\LIB\FIVEHC.LIB|DESKTOP ACBP=A9
 0001:0000D6E4 00000558 C=CODE    S=_TEXT    G=(none)   M=C:\LANGUAGE\FWH\LIB\FIVEHC.LIB|DIB ACBP=A9
 0001:0000DC3C 000003A1 C=CODE    S=_TEXT    G=(none)   M=C:\LANGUAGE\FWH\LIB\FIVEHC.LIB|DIBBMP ACBP=A9
 0001:0000DFE0 000001DE C=CODE    S=_TEXT    G=(none)   M=C:\LANGUAGE\FWH\LIB\FIVEHC.LIB|DLG2CHR ACBP=A9
 0001:0000E1C0 000001CD C=CODE    S=_TEXT    G=(none)   M=C:\LANGUAGE\FWH\LIB\FIVEHC.LIB|DLOGBOX ACBP=A9
 0001:0000E390 00000034 C=CODE    S=_TEXT    G=(none)   M=C:\LANGUAGE\FWH\LIB\FIVEHC.LIB|DLL ACBP=A9
 0001:0000E3C4 000002B5 C=CODE    S=_TEXT    G=(none)   M=C:\LANGUAGE\FWH\LIB\FIVEHC.LIB|DOTS ACBP=A9
 0001:0000E67C 00000661 C=CODE    S=_TEXT    G=(none)   M=C:\LANGUAGE\FWH\LIB\FIVEHC.LIB|DRAWING ACBP=A9
 0001:0000ECE0 00000103 C=CODE    S=_TEXT    G=(none)   M=C:\LANGUAGE\FWH\LIB\FIVEHC.LIB|DRAWITEM ACBP=A9
 0001:0000EDE4 000002FF C=CODE    S=_TEXT    G=(none)   M=C:\LANGUAGE\FWH\LIB\FIVEHC.LIB|DRIVES ACBP=A9
 0001:0000F0E4 000000D0 C=CODE    S=_TEXT    G=(none)   M=C:\LANGUAGE\FWH\LIB\FIVEHC.LIB|DROPFILE ACBP=A9
 0001:0000F1B4 00000244 C=CODE    S=_TEXT    G=(none)   M=C:\LANGUAGE\FWH\LIB\FIVEHC.LIB|FGETCLIP ACBP=A9
 0001:0000F3F8 00001398 C=CODE    S=_TEXT    G=(none)   M=C:\LANGUAGE\FWH\LIB\FIVEHC.LIB|FGETLINE ACBP=A9
 0001:00010790 000000A9 C=CODE    S=_TEXT    G=(none)   M=C:\LANGUAGE\FWH\LIB\FIVEHC.LIB|FINDTEXT ACBP=A9
 0001:0001083C 000007BB C=CODE    S=_TEXT    G=(none)   M=C:\LANGUAGE\FWH\LIB\FIVEHC.LIB|FONTS ACBP=A9
 0001:00010FF8 000002D1 C=CODE    S=_TEXT    G=(none)   M=C:\LANGUAGE\FWH\LIB\FIVEHC.LIB|FTEXT ACBP=A9
 0001:000112CC 00000552 C=CODE    S=_TEXT    G=(none)   M=C:\LANGUAGE\FWH\LIB\FIVEHC.LIB|FWARRAY ACBP=A9
 0001:00011820 00001354 C=CODE    S=_TEXT    G=(none)   M=C:\LANGUAGE\FWH\LIB\FIVEHC.LIB|FWBMP ACBP=A9
 0001:00012B74 0000051B C=CODE    S=_TEXT    G=(none)   M=C:\LANGUAGE\FWH\LIB\FIVEHC.LIB|FWPALCTL ACBP=A9
 0001:00013090 00000B52 C=CODE    S=_TEXT    G=(none)   M=C:\LANGUAGE\FWH\LIB\FIVEHC.LIB|FWPNG ACBP=A9
 0001:00013BE4 0000006C C=CODE    S=_TEXT    G=(none)   M=C:\LANGUAGE\FWH\LIB\FIVEHC.LIB|GETDLGIT ACBP=A9
 0001:00013C50 000004CE C=CODE    S=_TEXT    G=(none)   M=C:\LANGUAGE\FWH\LIB\FIVEHC.LIB|GETFILE ACBP=A9
 0001:00014120 000000DE C=CODE    S=_TEXT    G=(none)   M=C:\LANGUAGE\FWH\LIB\FIVEHC.LIB|GETPROCA ACBP=A9
 0001:00014200 0000005E C=CODE    S=_TEXT    G=(none)   M=C:\LANGUAGE\FWH\LIB\FIVEHC.LIB|GETSTKOB ACBP=A9
 0001:00014260 000000F4 C=CODE    S=_TEXT    G=(none)   M=C:\LANGUAGE\FWH\LIB\FIVEHC.LIB|GETTEXT ACBP=A9
 0001:00014354 00000100 C=CODE    S=_TEXT    G=(none)   M=C:\LANGUAGE\FWH\LIB\FIVEHC.LIB|GETTEXTW ACBP=A9
 0001:00014454 000000C4 C=CODE    S=_TEXT    G=(none)   M=C:\LANGUAGE\FWH\LIB\FIVEHC.LIB|GETWND ACBP=A9
 0001:00014518 000004AA C=CODE    S=_TEXT    G=(none)   M=C:\LANGUAGE\FWH\LIB\FIVEHC.LIB|HANDLIST ACBP=A9
 0001:000149C4 00000270 C=CODE    S=_TEXT    G=(none)   M=C:\LANGUAGE\FWH\LIB\FIVEHC.LIB|HELP ACBP=A9
 0001:00014C34 000000B8 C=CODE    S=_TEXT    G=(none)   M=C:\LANGUAGE\FWH\LIB\FIVEHC.LIB|HILOWORD ACBP=A9
 0001:00014CEC 00000619 C=CODE    S=_TEXT    G=(none)   M=C:\LANGUAGE\FWH\LIB\FIVEHC.LIB|ICONS ACBP=A9
 0001:00015308 000001FF C=CODE    S=_TEXT    G=(none)   M=C:\LANGUAGE\FWH\LIB\FIVEHC.LIB|IMAGELIS ACBP=A9
 0001:00015508 00000119 C=CODE    S=_TEXT    G=(none)   M=C:\LANGUAGE\FWH\LIB\FIVEHC.LIB|INSTANCE ACBP=A9
 0001:00015624 000001B0 C=CODE    S=_TEXT    G=(none)   M=C:\LANGUAGE\FWH\LIB\FIVEHC.LIB|KEYBRD ACBP=A9
 0001:000157D4 0000011F C=CODE    S=_TEXT    G=(none)   M=C:\LANGUAGE\FWH\LIB\FIVEHC.LIB|LBX ACBP=A9
 0001:000158F4 000004B4 C=CODE    S=_TEXT    G=(none)   M=C:\LANGUAGE\FWH\LIB\FIVEHC.LIB|LISTVIEW ACBP=A9
 0001:00015DA8 0000008D C=CODE    S=_TEXT    G=(none)   M=C:\LANGUAGE\FWH\LIB\FIVEHC.LIB|LOADBMP ACBP=A9
 0001:00015E38 00000034 C=CODE    S=_TEXT    G=(none)   M=C:\LANGUAGE\FWH\LIB\FIVEHC.LIB|MAKELONG ACBP=A9
 0001:00015E6C 00000F15 C=CODE    S=_TEXT    G=(none)   M=C:\LANGUAGE\FWH\LIB\FIVEHC.LIB|MAPI ACBP=A9
 0001:00016D84 00000245 C=CODE    S=_TEXT    G=(none)   M=C:\LANGUAGE\FWH\LIB\FIVEHC.LIB|MDI ACBP=A9
 0001:00016FCC 000001E8 C=CODE    S=_TEXT    G=(none)   M=C:\LANGUAGE\FWH\LIB\FIVEHC.LIB|MEM ACBP=A9
 0001:000171B4 00000730 C=CODE    S=_TEXT    G=(none)   M=C:\LANGUAGE\FWH\LIB\FIVEHC.LIB|MENUS ACBP=A9
 0001:000178E4 0000032C C=CODE    S=_TEXT    G=(none)   M=C:\LANGUAGE\FWH\LIB\FIVEHC.LIB|METAFILE ACBP=A9
 0001:00017C10 000002B8 C=CODE    S=_TEXT    G=(none)   M=C:\LANGUAGE\FWH\LIB\FIVEHC.LIB|METAFI32 ACBP=A9
 0001:00017EC8 000000A1 C=CODE    S=_TEXT    G=(none)   M=C:\LANGUAGE\FWH\LIB\FIVEHC.LIB|MGETCREA ACBP=A9
 0001:00017F6C 000000A3 C=CODE    S=_TEXT    G=(none)   M=C:\LANGUAGE\FWH\LIB\FIVEHC.LIB|MKDIR ACBP=A9
 0001:00018010 0000006A C=CODE    S=_TEXT    G=(none)   M=C:\LANGUAGE\FWH\LIB\FIVEHC.LIB|MOVETO ACBP=A9
 0001:0001807C 0000001F C=CODE    S=_TEXT    G=(none)   M=C:\LANGUAGE\FWH\LIB\FIVEHC.LIB|MSGBEEP ACBP=A9
 0001:0001809C 000008EA C=CODE    S=_TEXT    G=(none)   M=C:\LANGUAGE\FWH\LIB\FIVEHC.LIB|MSGS ACBP=A9
 0001:00018988 00000159 C=CODE    S=_TEXT    G=(none)   M=C:\LANGUAGE\FWH\LIB\FIVEHC.LIB|MSGSAPI ACBP=A9
 0001:00018AE4 00000406 C=CODE    S=_TEXT    G=(none)   M=C:\LANGUAGE\FWH\LIB\FIVEHC.LIB|MSGTOOLS ACBP=A9
 0001:00018EEC 0000006D C=CODE    S=_TEXT    G=(none)   M=C:\LANGUAGE\FWH\LIB\FIVEHC.LIB|NOTIFY ACBP=A9
 0001:00018F5C 000001BD C=CODE    S=_TEXT    G=(none)   M=C:\LANGUAGE\FWH\LIB\FIVEHC.LIB|OEMANSI ACBP=A9
 0001:0001911C 00000079 C=CODE    S=_TEXT    G=(none)   M=C:\LANGUAGE\FWH\LIB\FIVEHC.LIB|ONOFFBMP ACBP=A9
 0001:00019198 000001E9 C=CODE    S=_TEXT    G=(none)   M=C:\LANGUAGE\FWH\LIB\FIVEHC.LIB|OR ACBP=A9
 0001:00019384 00000058 C=CODE    S=_TEXT    G=(none)   M=C:\LANGUAGE\FWH\LIB\FIVEHC.LIB|PAINT ACBP=A9
 0001:000193DC 0000005C C=CODE    S=_TEXT    G=(none)   M=C:\LANGUAGE\FWH\LIB\FIVEHC.LIB|PEEKMSG ACBP=A9
 0001:00019438 00000C54 C=CODE    S=_TEXT    G=(none)   M=C:\LANGUAGE\FWH\LIB\FIVEHC.LIB|PRINTDC ACBP=A9
 0001:0001A08C 0000020F C=CODE    S=_TEXT    G=(none)   M=C:\LANGUAGE\FWH\LIB\FIVEHC.LIB|PROFILE ACBP=A9
 0001:0001A29C 0000074F C=CODE    S=_TEXT    G=(none)   M=C:\LANGUAGE\FWH\LIB\FIVEHC.LIB|RECTS ACBP=A9
 0001:0001A9EC 0000010D C=CODE    S=_TEXT    G=(none)   M=C:\LANGUAGE\FWH\LIB\FIVEHC.LIB|REGCLASS ACBP=A9
 0001:0001AAFC 00000391 C=CODE    S=_TEXT    G=(none)   M=C:\LANGUAGE\FWH\LIB\FIVEHC.LIB|REGEDIT ACBP=A9
 0001:0001AE90 0000039C C=CODE    S=_TEXT    G=(none)   M=C:\LANGUAGE\FWH\LIB\FIVEHC.LIB|REGIONS ACBP=A9
 0001:0001B22C 000002AD C=CODE    S=_TEXT    G=(none)   M=C:\LANGUAGE\FWH\LIB\FIVEHC.LIB|RESOURCE ACBP=A9
 0001:0001B4DC 000019FD C=CODE    S=_TEXT    G=(none)   M=C:\LANGUAGE\FWH\LIB\FIVEHC.LIB|RIBBON ACBP=A9
 0001:0001CEDC 00002128 C=CODE    S=_TEXT    G=(none)   M=C:\LANGUAGE\FWH\LIB\FIVEHC.LIB|RICHEDIT ACBP=A9
 0001:0001F004 000001BA C=CODE    S=_TEXT    G=(none)   M=C:\LANGUAGE\FWH\LIB\FIVEHC.LIB|SCROLL ACBP=A9
 0001:0001F1C0 00000023 C=CODE    S=_TEXT    G=(none)   M=C:\LANGUAGE\FWH\LIB\FIVEHC.LIB|SELOBJEC ACBP=A9
 0001:0001F1E4 00000057 C=CODE    S=_TEXT    G=(none)   M=C:\LANGUAGE\FWH\LIB\FIVEHC.LIB|SETMAPMO ACBP=A9
 0001:0001F23C 00000048 C=CODE    S=_TEXT    G=(none)   M=C:\LANGUAGE\FWH\LIB\FIVEHC.LIB|SETTEXT ACBP=A9
 0001:0001F284 000002BE C=CODE    S=_TEXT    G=(none)   M=C:\LANGUAGE\FWH\LIB\FIVEHC.LIB|STRTOKEN ACBP=A9
 0001:0001F544 00000303 C=CODE    S=_TEXT    G=(none)   M=C:\LANGUAGE\FWH\LIB\FIVEHC.LIB|TEXT ACBP=A9
 0001:0001F848 00000FF1 C=CODE    S=_TEXT    G=(none)   M=C:\LANGUAGE\FWH\LIB\FIVEHC.LIB|THEMES ACBP=A9
 0001:0002083C 000000CB C=CODE    S=_TEXT    G=(none)   M=C:\LANGUAGE\FWH\LIB\FIVEHC.LIB|TIMEPICK ACBP=A9
 0001:00020908 00000069 C=CODE    S=_TEXT    G=(none)   M=C:\LANGUAGE\FWH\LIB\FIVEHC.LIB|TIMERS ACBP=A9
 0001:00020974 00000178 C=CODE    S=_TEXT    G=(none)   M=C:\LANGUAGE\FWH\LIB\FIVEHC.LIB|WINDOWS ACBP=A9
 0001:00020AEC 0000021C C=CODE    S=_TEXT    G=(none)   M=C:\LANGUAGE\FWH\LIB\FIVEHC.LIB|WINEXEC ACBP=A9
 0001:00020D08 00000035 C=CODE    S=_TEXT    G=(none)   M=C:\LANGUAGE\FWH\LIB\FIVEHC.LIB|WIN2000 ACBP=A9
 0001:00020D40 000000A9 C=CODE    S=_TEXT    G=(none)   M=C:\LANGUAGE\FWH\LIB\FIVEHC.LIB|WMOUSE ACBP=A9
 0001:00020DEC 00000731 C=CODE    S=_TEXT    G=(none)   M=C:\LANGUAGE\FWH\LIB\FIVEHC.LIB|WNDBOXES ACBP=A9
 0001:00021520 000001AB C=CODE    S=_TEXT    G=(none)   M=C:\LANGUAGE\FWH\LIB\FIVEHC.LIB|WNDCENTE ACBP=A9
 0001:000216CC 00000033 C=CODE    S=_TEXT    G=(none)   M=C:\LANGUAGE\FWH\LIB\FIVEHC.LIB|WNDDESTR ACBP=A9
 0001:00021700 000004F6 C=CODE    S=_TEXT    G=(none)   M=C:\LANGUAGE\FWH\LIB\FIVEHC.LIB|WNDIS ACBP=A9
 0001:00021BF8 0000007B C=CODE    S=_TEXT    G=(none)   M=C:\LANGUAGE\FWH\LIB\FIVEHC.LIB|WNDISOVE ACBP=A9
 0001:00021C74 00000B7F C=CODE    S=_TEXT    G=(none)   M=C:\LANGUAGE\FWH\LIB\FIVEHC.LIB|WNDMOVE ACBP=A9
 0001:000227F4 00000050 C=CODE    S=_TEXT    G=(none)   M=C:\LANGUAGE\FWH\LIB\FIVEHC.LIB|WNDPOS ACBP=A9
 0001:00022844 000001F7 C=CODE    S=_TEXT    G=(none)   M=C:\LANGUAGE\FWH\LIB\FIVEHC.LIB|WNDPRINT ACBP=A9
 0001:00022A3C 000002F8 C=CODE    S=_TEXT    G=(none)   M=C:\LANGUAGE\FWH\LIB\FIVEHC.LIB|WNDSAY ACBP=A9
 0001:00022D34 00000240 C=CODE    S=_TEXT    G=(none)   M=C:\LANGUAGE\FWH\LIB\FIVEHC.LIB|WNDSCROL ACBP=A9
 0001:00022F74 0000003B C=CODE    S=_TEXT    G=(none)   M=C:\LANGUAGE\FWH\LIB\FIVEHC.LIB|WNDUPDAT ACBP=A9
 0001:00022FB0 0000029A C=CODE    S=_TEXT    G=(none)   M=C:\LANGUAGE\FWH\LIB\FIVEHC.LIB|XBROWSEC ACBP=A9
 0001:0002324C 0000011D C=CODE    S=_TEXT    G=(none)   M=C:\LANGUAGE\FWH\LIB\FIVEHX.LIB|ACTIVEX ACBP=A9
 0001:0002336C 000003D8 C=CODE    S=_TEXT    G=(none)   M=C:\LANGUAGE\FWH\LIB\FIVEHX.LIB|ADOFUNCS ACBP=A9
 0001:00023744 0000008D C=CODE    S=_TEXT    G=(none)   M=C:\LANGUAGE\FWH\LIB\FIVEHX.LIB|ALERT ACBP=A9
 0001:000237D4 00000270 C=CODE    S=_TEXT    G=(none)   M=C:\LANGUAGE\FWH\LIB\FIVEHX.LIB|BAR ACBP=A9
 0001:00023A44 00000390 C=CODE    S=_TEXT    G=(none)   M=C:\LANGUAGE\FWH\LIB\FIVEHX.LIB|BITMAP ACBP=A9
 0001:00023DD4 00000210 C=CODE    S=_TEXT    G=(none)   M=C:\LANGUAGE\FWH\LIB\FIVEHX.LIB|BRUSH ACBP=A9
 0001:00023FE4 00000300 C=CODE    S=_TEXT    G=(none)   M=C:\LANGUAGE\FWH\LIB\FIVEHX.LIB|BTNBMP ACBP=A9
 0001:000242E4 0000017D C=CODE    S=_TEXT    G=(none)   M=C:\LANGUAGE\FWH\LIB\FIVEHX.LIB|BUTTON ACBP=A9
 0001:00024464 00000105 C=CODE    S=_TEXT    G=(none)   M=C:\LANGUAGE\FWH\LIB\FIVEHX.LIB|BUTTONB ACBP=A9
 0001:0002456C 000001C5 C=CODE    S=_TEXT    G=(none)   M=C:\LANGUAGE\FWH\LIB\FIVEHX.LIB|CHECKBOX ACBP=A9
 0001:00024734 00000135 C=CODE    S=_TEXT    G=(none)   M=C:\LANGUAGE\FWH\LIB\FIVEHX.LIB|CLIPBRD ACBP=A9
 0001:0002486C 00000300 C=CODE    S=_TEXT    G=(none)   M=C:\LANGUAGE\FWH\LIB\FIVEHX.LIB|COMBOBOX ACBP=A9
 0001:00024B6C 00000480 C=CODE    S=_TEXT    G=(none)   M=C:\LANGUAGE\FWH\LIB\FIVEHX.LIB|CONTROL ACBP=A9
 0001:00024FEC 000000A5 C=CODE    S=_TEXT    G=(none)   M=C:\LANGUAGE\FWH\LIB\FIVEHX.LIB|CURSOR ACBP=A9
 0001:00025094 00000570 C=CODE    S=_TEXT    G=(none)   M=C:\LANGUAGE\FWH\LIB\FIVEHX.LIB|DATABASE ACBP=A9
 0001:00025604 00000300 C=CODE    S=_TEXT    G=(none)   M=C:\LANGUAGE\FWH\LIB\FIVEHX.LIB|DATAROW ACBP=A9
 0001:00025904 000000A5 C=CODE    S=_TEXT    G=(none)   M=C:\LANGUAGE\FWH\LIB\FIVEHX.LIB|DBTOOLS ACBP=A9
 0001:000259AC 000000ED C=CODE    S=_TEXT    G=(none)   M=C:\LANGUAGE\FWH\LIB\FIVEHX.LIB|DDE ACBP=A9
 0001:00025A9C 00000330 C=CODE    S=_TEXT    G=(none)   M=C:\LANGUAGE\FWH\LIB\FIVEHX.LIB|DIALOG ACBP=A9
 0001:00025DCC 000000A5 C=CODE    S=_TEXT    G=(none)   M=C:\LANGUAGE\FWH\LIB\FIVEHX.LIB|DLGFIND ACBP=A9
 0001:00025E74 0000014D C=CODE    S=_TEXT    G=(none)   M=C:\LANGUAGE\FWH\LIB\FIVEHX.LIB|ERRSYSW ACBP=A9
 0001:00025FC4 00000B10 C=CODE    S=_TEXT    G=(none)   M=C:\LANGUAGE\FWH\LIB\FIVEHX.LIB|FGET ACBP=A9
 0001:00026AD4 00000255 C=CODE    S=_TEXT    G=(none)   M=C:\LANGUAGE\FWH\LIB\FIVEHX.LIB|FILENAME ACBP=A9
 0001:00026D2C 000000A5 C=CODE    S=_TEXT    G=(none)   M=C:\LANGUAGE\FWH\LIB\FIVEHX.LIB|FLINE ACBP=A9
 0001:00026DD4 00000270 C=CODE    S=_TEXT    G=(none)   M=C:\LANGUAGE\FWH\LIB\FIVEHX.LIB|FONT ACBP=A9
 0001:00027044 0000008D C=CODE    S=_TEXT    G=(none)   M=C:\LANGUAGE\FWH\LIB\FIVEHX.LIB|FWDECODE ACBP=A9
 0001:000270D4 00000075 C=CODE    S=_TEXT    G=(none)   M=C:\LANGUAGE\FWH\LIB\FIVEHX.LIB|FWERROR ACBP=A9
 0001:0002714C 00000105 C=CODE    S=_TEXT    G=(none)   M=C:\LANGUAGE\FWH\LIB\FIVEHX.LIB|GETTASKS ACBP=A9
 0001:00027254 000001C5 C=CODE    S=_TEXT    G=(none)   M=C:\LANGUAGE\FWH\LIB\FIVEHX.LIB|GETSYSIN ACBP=A9
 0001:0002741C 000000ED C=CODE    S=_TEXT    G=(none)   M=C:\LANGUAGE\FWH\LIB\FIVEHX.LIB|GTF ACBP=A9
 0001:0002750C 00000135 C=CODE    S=_TEXT    G=(none)   M=C:\LANGUAGE\FWH\LIB\FIVEHX.LIB|HELP32 ACBP=A9
 0001:00027644 0000038C C=CODE    S=_TEXT    G=(none)   M=C:\LANGUAGE\FWH\LIB\FIVEHX.LIB|HELPCHM ACBP=A9
 0001:000279D0 0000011D C=CODE    S=_TEXT    G=(none)   M=C:\LANGUAGE\FWH\LIB\FIVEHX.LIB|GROUP ACBP=A9
 0001:00027AF0 00000135 C=CODE    S=_TEXT    G=(none)   M=C:\LANGUAGE\FWH\LIB\FIVEHX.LIB|ICON ACBP=A9
 0001:00027C28 0000035D C=CODE    S=_TEXT    G=(none)   M=C:\LANGUAGE\FWH\LIB\FIVEHX.LIB|IMAGE ACBP=A9
 0001:00027F88 000000ED C=CODE    S=_TEXT    G=(none)   M=C:\LANGUAGE\FWH\LIB\FIVEHX.LIB|INI ACBP=A9
 0001:00028078 00000288 C=CODE    S=_TEXT    G=(none)   M=C:\LANGUAGE\FWH\LIB\FIVEHX.LIB|LISTBOX ACBP=A9
 0001:00028300 000001AD C=CODE    S=_TEXT    G=(none)   M=C:\LANGUAGE\FWH\LIB\FIVEHX.LIB|LINKLIST ACBP=A9
 0001:000284B0 00000138 C=CODE    S=_TEXT    G=(none)   M=C:\LANGUAGE\FWH\LIB\FIVEHX.LIB|MDICHILD ACBP=A9
 0001:000285E8 00000135 C=CODE    S=_TEXT    G=(none)   M=C:\LANGUAGE\FWH\LIB\FIVEHX.LIB|MDICLIEN ACBP=A9
 0001:00028720 0000011D C=CODE    S=_TEXT    G=(none)   M=C:\LANGUAGE\FWH\LIB\FIVEHX.LIB|MDIFRAME ACBP=A9
 0001:00028840 000000ED C=CODE    S=_TEXT    G=(none)   M=C:\LANGUAGE\FWH\LIB\FIVEHX.LIB|MEMOEDIT ACBP=A9
 0001:00028930 00000348 C=CODE    S=_TEXT    G=(none)   M=C:\LANGUAGE\FWH\LIB\FIVEHX.LIB|MENU ACBP=A9
 0001:00028C78 0000017D C=CODE    S=_TEXT    G=(none)   M=C:\LANGUAGE\FWH\LIB\FIVEHX.LIB|MENUITEM ACBP=A9
 0001:00028DF8 00000330 C=CODE    S=_TEXT    G=(none)   M=C:\LANGUAGE\FWH\LIB\FIVEHX.LIB|MGET ACBP=A9
 0001:00029128 000002E8 C=CODE    S=_TEXT    G=(none)   M=C:\LANGUAGE\FWH\LIB\FIVEHX.LIB|MSGBAR ACBP=A9
 0001:00029410 000000A5 C=CODE    S=_TEXT    G=(none)   M=C:\LANGUAGE\FWH\LIB\FIVEHX.LIB|MSGRUN ACBP=A9
 0001:000294B8 0000005D C=CODE    S=_TEXT    G=(none)   M=C:\LANGUAGE\FWH\LIB\FIVEHX.LIB|ODATA ACBP=A9
 0001:00029518 00000195 C=CODE    S=_TEXT    G=(none)   M=C:\LANGUAGE\FWH\LIB\FIVEHX.LIB|OLEFUNCS ACBP=A9
 0001:000296B0 000000D5 C=CODE    S=_TEXT    G=(none)   M=C:\LANGUAGE\FWH\LIB\FIVEHX.LIB|PDMENU ACBP=A9
 0001:00029788 000000BD C=CODE    S=_TEXT    G=(none)   M=C:\LANGUAGE\FWH\LIB\FIVEHX.LIB|PDREPORT ACBP=A9
 0001:00029848 0000008D C=CODE    S=_TEXT    G=(none)   M=C:\LANGUAGE\FWH\LIB\FIVEHX.LIB|PEN ACBP=A9
 0001:000298D8 00000360 C=CODE    S=_TEXT    G=(none)   M=C:\LANGUAGE\FWH\LIB\FIVEHX.LIB|PRINTER ACBP=A9
 0001:00029C38 000005B8 C=CODE    S=_TEXT    G=(none)   M=C:\LANGUAGE\FWH\LIB\FIVEHX.LIB|PRV2PDF ACBP=A9
 0001:0002A1F0 00000195 C=CODE    S=_TEXT    G=(none)   M=C:\LANGUAGE\FWH\LIB\FIVEHX.LIB|RADIO ACBP=A9
 0001:0002A388 00000165 C=CODE    S=_TEXT    G=(none)   M=C:\LANGUAGE\FWH\LIB\FIVEHX.LIB|RADMENU ACBP=A9
 0001:0002A4F0 00000135 C=CODE    S=_TEXT    G=(none)   M=C:\LANGUAGE\FWH\LIB\FIVEHX.LIB|RCOLUMN ACBP=A9
 0001:0002A628 000000A5 C=CODE    S=_TEXT    G=(none)   M=C:\LANGUAGE\FWH\LIB\FIVEHX.LIB|REBAR ACBP=A9
 0001:0002A6D0 000000BD C=CODE    S=_TEXT    G=(none)   M=C:\LANGUAGE\FWH\LIB\FIVEHX.LIB|RFILE ACBP=A9
 0001:0002A790 00000105 C=CODE    S=_TEXT    G=(none)   M=C:\LANGUAGE\FWH\LIB\FIVEHX.LIB|RGROUP ACBP=A9
 0001:0002A898 00000105 C=CODE    S=_TEXT    G=(none)   M=C:\LANGUAGE\FWH\LIB\FIVEHX.LIB|RLINE ACBP=A9
 0001:0002A9A0 000000D5 C=CODE    S=_TEXT    G=(none)   M=C:\LANGUAGE\FWH\LIB\FIVEHX.LIB|RECT ACBP=A9
 0001:0002AA78 000000ED C=CODE    S=_TEXT    G=(none)   M=C:\LANGUAGE\FWH\LIB\FIVEHX.LIB|REG32 ACBP=A9
 0001:0002AB68 00000348 C=CODE    S=_TEXT    G=(none)   M=C:\LANGUAGE\FWH\LIB\FIVEHX.LIB|REPORT ACBP=A9
 0001:0002AEB0 00000408 C=CODE    S=_TEXT    G=(none)   M=C:\LANGUAGE\FWH\LIB\FIVEHX.LIB|RPREVIEW ACBP=A9
 0001:0002B2B8 00000165 C=CODE    S=_TEXT    G=(none)   M=C:\LANGUAGE\FWH\LIB\FIVEHX.LIB|SAY ACBP=A9
 0001:0002B420 00000869 C=CODE    S=_TEXT    G=(none)   M=C:\LANGUAGE\FWH\LIB\FIVEHX.LIB|SCINTILA ACBP=A9
 0001:0002BC8C 0000011D C=CODE    S=_TEXT    G=(none)   M=C:\LANGUAGE\FWH\LIB\FIVEHX.LIB|SCRLLBAR ACBP=A9
 0001:0002BDAC 00000594 C=CODE    S=_TEXT    G=(none)   M=C:\LANGUAGE\FWH\LIB\FIVEHX.LIB|SKINS ACBP=A9
 0001:0002C340 0000017D C=CODE    S=_TEXT    G=(none)   M=C:\LANGUAGE\FWH\LIB\FIVEHX.LIB|STATUSBA ACBP=A9
 0001:0002C4C0 0000014D C=CODE    S=_TEXT    G=(none)   M=C:\LANGUAGE\FWH\LIB\FIVEHX.LIB|STRINGS ACBP=A9
 0001:0002C610 000000ED C=CODE    S=_TEXT    G=(none)   M=C:\LANGUAGE\FWH\LIB\FIVEHX.LIB|TACCTBL ACBP=A9
 0001:0002C700 0000008D C=CODE    S=_TEXT    G=(none)   M=C:\LANGUAGE\FWH\LIB\FIVEHX.LIB|TCLIPGET ACBP=A9
 0001:0002C790 0000014D C=CODE    S=_TEXT    G=(none)   M=C:\LANGUAGE\FWH\LIB\FIVEHX.LIB|TDTPICKE ACBP=A9
 0001:0002C8E0 000004B0 C=CODE    S=_TEXT    G=(none)   M=C:\LANGUAGE\FWH\LIB\FIVEHX.LIB|TGET ACBP=A9
 0001:0002CD90 0000014D C=CODE    S=_TEXT    G=(none)   M=C:\LANGUAGE\FWH\LIB\FIVEHX.LIB|TOOLBAR ACBP=A9
 0001:0002CEE0 000000D5 C=CODE    S=_TEXT    G=(none)   M=C:\LANGUAGE\FWH\LIB\FIVEHX.LIB|TIMAGLST ACBP=A9
 0001:0002CFB8 000000D5 C=CODE    S=_TEXT    G=(none)   M=C:\LANGUAGE\FWH\LIB\FIVEHX.LIB|TIMER ACBP=A9
 0001:0002D090 00000228 C=CODE    S=_TEXT    G=(none)   M=C:\LANGUAGE\FWH\LIB\FIVEHX.LIB|TLISTVIE ACBP=A9
 0001:0002D2B8 000000A5 C=CODE    S=_TEXT    G=(none)   M=C:\LANGUAGE\FWH\LIB\FIVEHX.LIB|TMAIL ACBP=A9
 0001:0002D360 000001DD C=CODE    S=_TEXT    G=(none)   M=C:\LANGUAGE\FWH\LIB\FIVEHX.LIB|TMETAFIL ACBP=A9
 0001:0002D540 00000165 C=CODE    S=_TEXT    G=(none)   M=C:\LANGUAGE\FWH\LIB\FIVEHX.LIB|TMSGITEM ACBP=A9
 0001:0002D6A8 0000023D C=CODE    S=_TEXT    G=(none)   M=C:\LANGUAGE\FWH\LIB\FIVEHX.LIB|TREEITEM ACBP=A9
 0001:0002D8E8 000000D5 C=CODE    S=_TEXT    G=(none)   M=C:\LANGUAGE\FWH\LIB\FIVEHX.LIB|TREES ACBP=A9
 0001:0002D9C0 000005A0 C=CODE    S=_TEXT    G=(none)   M=C:\LANGUAGE\FWH\LIB\FIVEHX.LIB|TRICHEDI ACBP=A9
 0001:0002DF60 0000008D C=CODE    S=_TEXT    G=(none)   M=C:\LANGUAGE\FWH\LIB\FIVEHX.LIB|TSKINBTN ACBP=A9
 0001:0002DFF0 00000105 C=CODE    S=_TEXT    G=(none)   M=C:\LANGUAGE\FWH\LIB\FIVEHX.LIB|TSTRUCT ACBP=A9
 0001:0002E0F8 0000014D C=CODE    S=_TEXT    G=(none)   M=C:\LANGUAGE\FWH\LIB\FIVEHX.LIB|TTMPICKE ACBP=A9
 0001:0002E248 0000014D C=CODE    S=_TEXT    G=(none)   M=C:\LANGUAGE\FWH\LIB\FIVEHX.LIB|VALBLANK ACBP=A9
 0001:0002E398 0000023E C=CODE    S=_TEXT    G=(none)   M=C:\LANGUAGE\FWH\LIB\FIVEHX.LIB|VALTOSTR ACBP=A9
 0001:0002E5D8 00000AF8 C=CODE    S=_TEXT    G=(none)   M=C:\LANGUAGE\FWH\LIB\FIVEHX.LIB|WINDOW ACBP=A9
 0001:0002F0D0 0000005D C=CODE    S=_TEXT    G=(none)   M=C:\LANGUAGE\FWH\LIB\FIVEHX.LIB|WQOUT ACBP=A9
 0001:0002F130 00001890 C=CODE    S=_TEXT    G=(none)   M=C:\LANGUAGE\FWH\LIB\FIVEHX.LIB|XBROWSE ACBP=A9
 0001:000309C0 000000A8 C=CODE    S=_TEXT    G=(none)   M=C:\LANGUAGE\FWH\LIB\FIVEHX.LIB|XBROWSER ACBP=A9
 0001:00030A68 000000A5 C=CODE    S=_TEXT    G=(none)   M=C:\LANGUAGE\FWH\LIB\FIVEHX.LIB|XPAD ACBP=A9
 0001:00030B10 00000512 C=CODE    S=_TEXT    G=(none)   M=C:\LANGUAGE\FWH\LIB\FIVEHX.LIB|HARBOUR ACBP=A9
 0001:00031024 000001A8 C=CODE    S=_TEXT    G=(none)   M=C:\LANGUAGE\XHARBOUR\LIB\RTL.LIB|abs ACBP=A9
 0001:000311CC 0000030D C=CODE    S=_TEXT    G=(none)   M=C:\LANGUAGE\XHARBOUR\LIB\RTL.LIB|at ACBP=A9
 0001:000314DC 00000130 C=CODE    S=_TEXT    G=(none)   M=C:\LANGUAGE\XHARBOUR\LIB\RTL.LIB|binnum ACBP=A9
 0001:0003160C 0000257A C=CODE    S=_TEXT    G=(none)   M=C:\LANGUAGE\XHARBOUR\LIB\RTL.LIB|cdpapi ACBP=A9
 0001:00033B88 000000AF C=CODE    S=_TEXT    G=(none)   M=C:\LANGUAGE\XHARBOUR\LIB\RTL.LIB|chrasc ACBP=A9
 0001:00033C38 000000D3 C=CODE    S=_TEXT    G=(none)   M=C:\LANGUAGE\XHARBOUR\LIB\RTL.LIB|colorind ACBP=A9
 0001:00033D0C 00000B79 C=CODE    S=_TEXT    G=(none)   M=C:\LANGUAGE\XHARBOUR\LIB\RTL.LIB|console ACBP=A9
 0001:00034888 00000167 C=CODE    S=_TEXT    G=(none)   M=C:\LANGUAGE\XHARBOUR\LIB\RTL.LIB|datec ACBP=A9
 0001:000349F0 000011DF C=CODE    S=_TEXT    G=(none)   M=C:\LANGUAGE\XHARBOUR\LIB\RTL.LIB|dateshb ACBP=A9
 0001:00035BD0 00000830 C=CODE    S=_TEXT    G=(none)   M=C:\LANGUAGE\XHARBOUR\LIB\RTL.LIB|direct ACBP=A9
 0001:00036400 00000250 C=CODE    S=_TEXT    G=(none)   M=C:\LANGUAGE\XHARBOUR\LIB\RTL.LIB|empty ACBP=A9
 0001:00036650 00000154 C=CODE    S=_TEXT    G=(none)   M=C:\LANGUAGE\XHARBOUR\LIB\RTL.LIB|file ACBP=A9
 0001:000367A4 00000C39 C=CODE    S=_TEXT    G=(none)   M=C:\LANGUAGE\XHARBOUR\LIB\RTL.LIB|filebuf ACBP=A9
 0001:000373E0 00000074 C=CODE    S=_TEXT    G=(none)   M=C:\LANGUAGE\XHARBOUR\LIB\RTL.LIB|filehb ACBP=A9
 0001:00037454 00001D92 C=CODE    S=_TEXT    G=(none)   M=C:\LANGUAGE\XHARBOUR\LIB\RTL.LIB|filesys ACBP=A9
 0001:000391E8 000000D5 C=CODE    S=_TEXT    G=(none)   M=C:\LANGUAGE\XHARBOUR\LIB\RTL.LIB|fserror ACBP=A9
 0001:000392C0 000000D0 C=CODE    S=_TEXT    G=(none)   M=C:\LANGUAGE\XHARBOUR\LIB\RTL.LIB|fnsplit ACBP=A9
 0001:00039390 00000996 C=CODE    S=_TEXT    G=(none)   M=C:\LANGUAGE\XHARBOUR\LIB\RTL.LIB|fparse ACBP=A9
 0001:00039D28 00000107 C=CODE    S=_TEXT    G=(none)   M=C:\LANGUAGE\XHARBOUR\LIB\RTL.LIB|fssize ACBP=A9
 0001:00039E30 000003EF C=CODE    S=_TEXT    G=(none)   M=C:\LANGUAGE\XHARBOUR\LIB\RTL.LIB|fstemp ACBP=A9
 0001:0003A220 00000116 C=CODE    S=_TEXT    G=(none)   M=C:\LANGUAGE\XHARBOUR\LIB\RTL.LIB|gete ACBP=A9
 0001:0003A338 00000028 C=CODE    S=_TEXT    G=(none)   M=C:\LANGUAGE\XHARBOUR\LIB\RTL.LIB|gt ACBP=A9
 0001:0003A360 00000F42 C=CODE    S=_TEXT    G=(none)   M=C:\LANGUAGE\XHARBOUR\LIB\RTL.LIB|gtapi ACBP=A9
 0001:0003B2A4 000002B7 C=CODE    S=_TEXT    G=(none)   M=C:\LANGUAGE\XHARBOUR\LIB\RTL.LIB|gtclip ACBP=A9
 0001:0003B55C 00000001 C=CODE    S=_TEXT    G=(none)   M=C:\LANGUAGE\XHARBOUR\LIB\RTL.LIB|gtsys ACBP=A9
 0001:0003B560 00000496 C=CODE    S=_TEXT    G=(none)   M=C:\LANGUAGE\XHARBOUR\LIB\RTL.LIB|hbbitf ACBP=A9
 0001:0003B9F8 000007F7 C=CODE    S=_TEXT    G=(none)   M=C:\LANGUAGE\XHARBOUR\LIB\RTL.LIB|hbserv ACBP=A9
 0001:0003C1F0 000007F9 C=CODE    S=_TEXT    G=(none)   M=C:\LANGUAGE\XHARBOUR\LIB\RTL.LIB|hbffind ACBP=A9
 0001:0003C9EC 00003D65 C=CODE    S=_TEXT    G=(none)   M=C:\LANGUAGE\XHARBOUR\LIB\RTL.LIB|hbgtcore ACBP=A9
 0001:00040754 0000049D C=CODE    S=_TEXT    G=(none)   M=C:\LANGUAGE\XHARBOUR\LIB\RTL.LIB|hbhex2n ACBP=A9
 0001:00040BF4 000002C0 C=CODE    S=_TEXT    G=(none)   M=C:\LANGUAGE\XHARBOUR\LIB\RTL.LIB|hbrandom ACBP=A9
 0001:00040EB4 0000062A C=CODE    S=_TEXT    G=(none)   M=C:\LANGUAGE\XHARBOUR\LIB\RTL.LIB|hbtoken ACBP=A9
 0001:000414E0 00000476 C=CODE    S=_TEXT    G=(none)   M=C:\LANGUAGE\XHARBOUR\LIB\RTL.LIB|idle ACBP=A9
 0001:00041958 00000487 C=CODE    S=_TEXT    G=(none)   M=C:\LANGUAGE\XHARBOUR\LIB\RTL.LIB|inkey ACBP=A9
 0001:00041DE0 00000119 C=CODE    S=_TEXT    G=(none)   M=C:\LANGUAGE\XHARBOUR\LIB\RTL.LIB|inkeyapi ACBP=A9
 0001:00041EFC 00000486 C=CODE    S=_TEXT    G=(none)   M=C:\LANGUAGE\XHARBOUR\LIB\RTL.LIB|is ACBP=A9
 0001:00042384 0000029F C=CODE    S=_TEXT    G=(none)   M=C:\LANGUAGE\XHARBOUR\LIB\RTL.LIB|langapi ACBP=A9
 0001:00042624 000000CC C=CODE    S=_TEXT    G=(none)   M=C:\LANGUAGE\XHARBOUR\LIB\RTL.LIB|left ACBP=A9
 0001:000426F0 00000093 C=CODE    S=_TEXT    G=(none)   M=C:\LANGUAGE\XHARBOUR\LIB\RTL.LIB|len ACBP=A9
 0001:00042784 00000A40 C=CODE    S=_TEXT    G=(none)   M=C:\LANGUAGE\XHARBOUR\LIB\RTL.LIB|math ACBP=A9
 0001:000431C4 00000207 C=CODE    S=_TEXT    G=(none)   M=C:\LANGUAGE\XHARBOUR\LIB\RTL.LIB|memofile ACBP=A9
 0001:000433CC 0000057D C=CODE    S=_TEXT    G=(none)   M=C:\LANGUAGE\XHARBOUR\LIB\RTL.LIB|minmax ACBP=A9
 0001:0004394C 00000976 C=CODE    S=_TEXT    G=(none)   M=C:\LANGUAGE\XHARBOUR\LIB\RTL.LIB|mlcfunc ACBP=A9
 0001:000442C4 00000071 C=CODE    S=_TEXT    G=(none)   M=C:\LANGUAGE\XHARBOUR\LIB\RTL.LIB|net ACBP=A9
 0001:00044338 00000006 C=CODE    S=_TEXT    G=(none)   M=C:\LANGUAGE\XHARBOUR\LIB\RTL.LIB|pad ACBP=A9
 0001:00044340 00000141 C=CODE    S=_TEXT    G=(none)   M=C:\LANGUAGE\XHARBOUR\LIB\RTL.LIB|padc ACBP=A9
 0001:00044484 0000010F C=CODE    S=_TEXT    G=(none)   M=C:\LANGUAGE\XHARBOUR\LIB\RTL.LIB|padl ACBP=A9
 0001:00044594 00000108 C=CODE    S=_TEXT    G=(none)   M=C:\LANGUAGE\XHARBOUR\LIB\RTL.LIB|padr ACBP=A9
 0001:0004469C 00000CEA C=CODE    S=_TEXT    G=(none)   M=C:\LANGUAGE\XHARBOUR\LIB\RTL.LIB|philes ACBP=A9
 0001:00045388 0000008D C=CODE    S=_TEXT    G=(none)   M=C:\LANGUAGE\XHARBOUR\LIB\RTL.LIB|philesx ACBP=A9
 0001:00045418 000000F8 C=CODE    S=_TEXT    G=(none)   M=C:\LANGUAGE\XHARBOUR\LIB\RTL.LIB|rat ACBP=A9
 0001:00045510 0000012F C=CODE    S=_TEXT    G=(none)   M=C:\LANGUAGE\XHARBOUR\LIB\RTL.LIB|replic ACBP=A9
 0001:00045640 00000093 C=CODE    S=_TEXT    G=(none)   M=C:\LANGUAGE\XHARBOUR\LIB\RTL.LIB|right ACBP=A9
 0001:000456D4 00000132 C=CODE    S=_TEXT    G=(none)   M=C:\LANGUAGE\XHARBOUR\LIB\RTL.LIB|round ACBP=A9
 0001:00045808 000001FC C=CODE    S=_TEXT    G=(none)   M=C:\LANGUAGE\XHARBOUR\LIB\RTL.LIB|samples ACBP=A9
 0001:00045A04 000002E4 C=CODE    S=_TEXT    G=(none)   M=C:\LANGUAGE\XHARBOUR\LIB\RTL.LIB|seconds ACBP=A9
 0001:00045CE8 000011EA C=CODE    S=_TEXT    G=(none)   M=C:\LANGUAGE\XHARBOUR\LIB\RTL.LIB|regex ACBP=A9
 0001:00046ED4 00000155 C=CODE    S=_TEXT    G=(none)   M=C:\LANGUAGE\XHARBOUR\LIB\RTL.LIB|setcolor ACBP=A9
 0001:0004702C 00000064 C=CODE    S=_TEXT    G=(none)   M=C:\LANGUAGE\XHARBOUR\LIB\RTL.LIB|setcurs ACBP=A9
 0001:00047090 0000059D C=CODE    S=_TEXT    G=(none)   M=C:\LANGUAGE\XHARBOUR\LIB\RTL.LIB|setkey ACBP=A9
 0001:00047630 0000008D C=CODE    S=_TEXT    G=(none)   M=C:\LANGUAGE\XHARBOUR\LIB\RTL.LIB|setpos ACBP=A9
 0001:000476C0 0000002A C=CODE    S=_TEXT    G=(none)   M=C:\LANGUAGE\XHARBOUR\LIB\RTL.LIB|setposbs ACBP=A9
 0001:000476EC 00000086 C=CODE    S=_TEXT    G=(none)   M=C:\LANGUAGE\XHARBOUR\LIB\RTL.LIB|space ACBP=A9
 0001:00047774 000002FA C=CODE    S=_TEXT    G=(none)   M=C:\LANGUAGE\XHARBOUR\LIB\RTL.LIB|spfiles ACBP=A9
 0001:00047A70 0000023D C=CODE    S=_TEXT    G=(none)   M=C:\LANGUAGE\XHARBOUR\LIB\RTL.LIB|str ACBP=A9
 0001:00047CB0 0000034E C=CODE    S=_TEXT    G=(none)   M=C:\LANGUAGE\XHARBOUR\LIB\RTL.LIB|strcase ACBP=A9
 0001:00048000 00000141 C=CODE    S=_TEXT    G=(none)   M=C:\LANGUAGE\XHARBOUR\LIB\RTL.LIB|strdel ACBP=A9
 0001:00048144 00000035 C=CODE    S=_TEXT    G=(none)   M=C:\LANGUAGE\XHARBOUR\LIB\RTL.LIB|strings ACBP=A9
 0001:0004817C 00000691 C=CODE    S=_TEXT    G=(none)   M=C:\LANGUAGE\XHARBOUR\LIB\RTL.LIB|strmatch ACBP=A9
 0001:00048810 00000324 C=CODE    S=_TEXT    G=(none)   M=C:\LANGUAGE\XHARBOUR\LIB\RTL.LIB|strtran ACBP=A9
 0001:00048B34 00000143 C=CODE    S=_TEXT    G=(none)   M=C:\LANGUAGE\XHARBOUR\LIB\RTL.LIB|strzero ACBP=A9
 0001:00048C78 0000017E C=CODE    S=_TEXT    G=(none)   M=C:\LANGUAGE\XHARBOUR\LIB\RTL.LIB|stuff ACBP=A9
 0001:00048DF8 00000153 C=CODE    S=_TEXT    G=(none)   M=C:\LANGUAGE\XHARBOUR\LIB\RTL.LIB|substr ACBP=A9
 0001:00048F4C 00001168 C=CODE    S=_TEXT    G=(none)   M=C:\LANGUAGE\XHARBOUR\LIB\RTL.LIB|tprinter ACBP=A9
 0001:0004A0B4 000001B0 C=CODE    S=_TEXT    G=(none)   M=C:\LANGUAGE\XHARBOUR\LIB\RTL.LIB|trace ACBP=A9
 0001:0004A264 00001C50 C=CODE    S=_TEXT    G=(none)   M=C:\LANGUAGE\XHARBOUR\LIB\RTL.LIB|transfrm ACBP=A9
 0001:0004BEB4 0000025E C=CODE    S=_TEXT    G=(none)   M=C:\LANGUAGE\XHARBOUR\LIB\RTL.LIB|trim ACBP=A9
 0001:0004C114 00000077 C=CODE    S=_TEXT    G=(none)   M=C:\LANGUAGE\XHARBOUR\LIB\RTL.LIB|type ACBP=A9
 0001:0004C18C 0000009D C=CODE    S=_TEXT    G=(none)   M=C:\LANGUAGE\XHARBOUR\LIB\RTL.LIB|val ACBP=A9
 0001:0004C22C 0000042E C=CODE    S=_TEXT    G=(none)   M=C:\LANGUAGE\XHARBOUR\LIB\RTL.LIB|valtype ACBP=A9
 0001:0004C65C 00000394 C=CODE    S=_TEXT    G=(none)   M=C:\LANGUAGE\XHARBOUR\LIB\RTL.LIB|version ACBP=A9
 0001:0004C9F0 0000004A C=CODE    S=_TEXT    G=(none)   M=C:\LANGUAGE\XHARBOUR\LIB\RTL.LIB|word ACBP=A9
 0001:0004CA3C 0000005C C=CODE    S=_TEXT    G=(none)   M=C:\LANGUAGE\XHARBOUR\LIB\RTL.LIB|xhelp ACBP=A9
 0001:0004CA98 000000E4 C=CODE    S=_TEXT    G=(none)   M=C:\LANGUAGE\XHARBOUR\LIB\RTL.LIB|xsavescr ACBP=A9
 0001:0004CB7C 00000164 C=CODE    S=_TEXT    G=(none)   M=C:\LANGUAGE\XHARBOUR\LIB\RTL.LIB|cstr ACBP=A9
 0001:0004CCE0 00000074 C=CODE    S=_TEXT    G=(none)   M=C:\LANGUAGE\XHARBOUR\LIB\RTL.LIB|decode ACBP=A9
 0001:0004CD54 00000060 C=CODE    S=_TEXT    G=(none)   M=C:\LANGUAGE\XHARBOUR\LIB\RTL.LIB|fieldbl ACBP=A9
 0001:0004CDB4 0000004C C=CODE    S=_TEXT    G=(none)   M=C:\LANGUAGE\XHARBOUR\LIB\RTL.LIB|memvarbl ACBP=A9
 0001:0004CE00 000001DC C=CODE    S=_TEXT    G=(none)   M=C:\LANGUAGE\XHARBOUR\LIB\RTL.LIB|objfunc ACBP=A9
 0001:0004CFDC 00000204 C=CODE    S=_TEXT    G=(none)   M=C:\LANGUAGE\XHARBOUR\LIB\RTL.LIB|tclass ACBP=A9
 0001:0004D1E0 000003D4 C=CODE    S=_TEXT    G=(none)   M=C:\LANGUAGE\XHARBOUR\LIB\RTL.LIB|tget ACBP=A9
 0001:0004D5B4 000001A3 C=CODE    S=_TEXT    G=(none)   M=C:\LANGUAGE\XHARBOUR\LIB\RTL.LIB|tobject ACBP=A9
 0001:0004D758 00000060 C=CODE    S=_TEXT    G=(none)   M=C:\LANGUAGE\XHARBOUR\LIB\RTL.LIB|traceprg ACBP=A9
 0001:0004D7B8 0000026E C=CODE    S=_TEXT    G=(none)   M=C:\LANGUAGE\XHARBOUR\LIB\RTL.LIB|tscalar ACBP=A9
 0001:0004DA28 00000240 C=CODE    S=_TEXT    G=(none)   M=C:\LANGUAGE\XHARBOUR\LIB\RTL.LIB|win32ole ACBP=A9
 0001:0004DC68 00002838 C=CODE    S=_TEXT    G=(none)   M=C:\LANGUAGE\XHARBOUR\LIB\RTL.LIB|hbwinole ACBP=A9
 0001:000504A0 0000015D C=CODE    S=_TEXT    G=(none)   M=C:\LANGUAGE\XHARBOUR\LIB\RTL.LIB|win_misc ACBP=A9
 0001:00050600 00001D21 C=CODE    S=_TEXT    G=(none)   M=C:\LANGUAGE\XHARBOUR\LIB\VM.LIB|arrays ACBP=A9
 0001:00052324 000035C7 C=CODE    S=_TEXT    G=(none)   M=C:\LANGUAGE\XHARBOUR\LIB\VM.LIB|arrayshb ACBP=A9
 0001:000558EC 000004A5 C=CODE    S=_TEXT    G=(none)   M=C:\LANGUAGE\XHARBOUR\LIB\VM.LIB|asort ACBP=A9
 0001:00055D94 00005ABB C=CODE    S=_TEXT    G=(none)   M=C:\LANGUAGE\XHARBOUR\LIB\VM.LIB|classes ACBP=A9
 0001:0005B850 00000127 C=CODE    S=_TEXT    G=(none)   M=C:\LANGUAGE\XHARBOUR\LIB\VM.LIB|classesc ACBP=A9
 0001:0005B978 000002E9 C=CODE    S=_TEXT    G=(none)   M=C:\LANGUAGE\XHARBOUR\LIB\VM.LIB|codebloc ACBP=A9
 0001:0005BC64 00000416 C=CODE    S=_TEXT    G=(none)   M=C:\LANGUAGE\XHARBOUR\LIB\VM.LIB|debug ACBP=A9
 0001:0005C07C 00000794 C=CODE    S=_TEXT    G=(none)   M=C:\LANGUAGE\XHARBOUR\LIB\VM.LIB|dynsym ACBP=A9
 0001:0005C810 00002185 C=CODE    S=_TEXT    G=(none)   M=C:\LANGUAGE\XHARBOUR\LIB\VM.LIB|errorapi ACBP=A9
 0001:0005E998 00000B0D C=CODE    S=_TEXT    G=(none)   M=C:\LANGUAGE\XHARBOUR\LIB\VM.LIB|estack ACBP=A9
 0001:0005F4A8 00000AB0 C=CODE    S=_TEXT    G=(none)   M=C:\LANGUAGE\XHARBOUR\LIB\VM.LIB|eval ACBP=A9
 0001:0005FF58 00000085 C=CODE    S=_TEXT    G=(none)   M=C:\LANGUAGE\XHARBOUR\LIB\VM.LIB|evalhb ACBP=A9
 0001:0005FFE0 00001D5A C=CODE    S=_TEXT    G=(none)   M=C:\LANGUAGE\XHARBOUR\LIB\VM.LIB|extend ACBP=A9
 0001:00061D3C 000041CE C=CODE    S=_TEXT    G=(none)   M=C:\LANGUAGE\XHARBOUR\LIB\VM.LIB|fm ACBP=A9
 0001:00065F0C 00000E98 C=CODE    S=_TEXT    G=(none)   M=C:\LANGUAGE\XHARBOUR\LIB\VM.LIB|garbage ACBP=A9
 0001:00066DA4 000034C6 C=CODE    S=_TEXT    G=(none)   M=C:\LANGUAGE\XHARBOUR\LIB\VM.LIB|hash ACBP=A9
 0001:0006A26C 00013113 C=CODE    S=_TEXT    G=(none)   M=C:\LANGUAGE\XHARBOUR\LIB\VM.LIB|hvm ACBP=A9
 0001:0007D380 00000030 C=CODE    S=_TEXT    G=(none)   M=C:\LANGUAGE\XHARBOUR\LIB\VM.LIB|initexit ACBP=A9
 0001:0007D3B0 00001EBA C=CODE    S=_TEXT    G=(none)   M=C:\LANGUAGE\XHARBOUR\LIB\VM.LIB|itemapi ACBP=A9
 0001:0007F26C 00000957 C=CODE    S=_TEXT    G=(none)   M=C:\LANGUAGE\XHARBOUR\LIB\VM.LIB|fastitem ACBP=A9
 0001:0007FBC4 00001CA7 C=CODE    S=_TEXT    G=(none)   M=C:\LANGUAGE\XHARBOUR\LIB\VM.LIB|macro ACBP=A9
 0001:0008186C 00001E0E C=CODE    S=_TEXT    G=(none)   M=C:\LANGUAGE\XHARBOUR\LIB\VM.LIB|memvars ACBP=A9
 0001:0008367C 0000002B C=CODE    S=_TEXT    G=(none)   M=C:\LANGUAGE\XHARBOUR\LIB\VM.LIB|pcount ACBP=A9
 0001:000836A8 00000355 C=CODE    S=_TEXT    G=(none)   M=C:\LANGUAGE\XHARBOUR\LIB\VM.LIB|proc ACBP=A9
 0001:00083A00 00004C06 C=CODE    S=_TEXT    G=(none)   M=C:\LANGUAGE\XHARBOUR\LIB\VM.LIB|set ACBP=A9
 0001:00088608 00000268 C=CODE    S=_TEXT    G=(none)   M=C:\LANGUAGE\XHARBOUR\LIB\VM.LIB|thread ACBP=A9
 0001:00088870 000005CF C=CODE    S=_TEXT    G=(none)   M=C:\LANGUAGE\XHARBOUR\LIB\VM.LIB|cmdarg ACBP=A9
 0001:00088E40 000011C5 C=CODE    S=_TEXT    G=(none)   M=C:\LANGUAGE\XHARBOUR\LIB\VM.LIB|hbi18n ACBP=A9
 0001:0008A008 00000014 C=CODE    S=_TEXT    G=(none)   M=C:\LANGUAGE\XHARBOUR\LIB\VM.LIB|break ACBP=A9
 0001:0008A01C 00000019 C=CODE    S=_TEXT    G=(none)   M=C:\LANGUAGE\XHARBOUR\LIB\VM.LIB|initsymb ACBP=A9
 0001:0008A038 00000076 C=CODE    S=_TEXT    G=(none)   M=C:\LANGUAGE\XHARBOUR\LIB\VM.LIB|throw ACBP=A9
 0001:0008A0B0 00000100 C=CODE    S=_TEXT    G=(none)   M=C:\LANGUAGE\XHARBOUR\LIB\VM.LIB|harbinit ACBP=A9
 0001:0008A1B0 00000660 C=CODE    S=_TEXT    G=(none)   M=C:\LANGUAGE\XHARBOUR\LIB\VM.LIB|bkgtsks ACBP=A9
 0001:0008A810 0000012C C=CODE    S=_TEXT    G=(none)   M=C:\LANGUAGE\XHARBOUR\LIB\VM.LIB|mainwin ACBP=A9
 0001:0008A93C 00000010 C=CODE    S=_TEXT    G=(none)   M=C:\LANGUAGE\XHARBOUR\LIB\LANG.LIB|msgen ACBP=A9
 0001:0008A94C 00000010 C=CODE    S=_TEXT    G=(none)   M=C:\LANGUAGE\XHARBOUR\LIB\LANG.LIB|msgpt ACBP=A9
 0001:0008A95C 00002A31 C=CODE    S=_TEXT    G=(none)   M=C:\LANGUAGE\XHARBOUR\LIB\MACRO.LIB|macroy ACBP=A9
 0001:0008D390 00000341 C=CODE    S=_TEXT    G=(none)   M=C:\LANGUAGE\XHARBOUR\LIB\MACRO.LIB|macroa ACBP=A9
 0001:0008D6D4 00005BBD C=CODE    S=_TEXT    G=(none)   M=C:\LANGUAGE\XHARBOUR\LIB\MACRO.LIB|macrob ACBP=A9
 0001:00093294 00000864 C=CODE    S=_TEXT    G=(none)   M=C:\LANGUAGE\XHARBOUR\LIB\MACRO.LIB|macroc ACBP=A9
 0001:00093AF8 00002349 C=CODE    S=_TEXT    G=(none)   M=C:\LANGUAGE\XHARBOUR\LIB\MACRO.LIB|macroslx ACBP=A9
 0001:00095E44 000037E9 C=CODE    S=_TEXT    G=(none)   M=C:\LANGUAGE\XHARBOUR\LIB\RDD.LIB|dbcmd ACBP=A9
 0001:00099630 00000C62 C=CODE    S=_TEXT    G=(none)   M=C:\LANGUAGE\XHARBOUR\LIB\RDD.LIB|dbcmd53 ACBP=A9
 0001:0009A294 0000028E C=CODE    S=_TEXT    G=(none)   M=C:\LANGUAGE\XHARBOUR\LIB\RDD.LIB|dbcmdx ACBP=A9
 0001:0009A524 0000000E C=CODE    S=_TEXT    G=(none)   M=C:\LANGUAGE\XHARBOUR\LIB\RDD.LIB|dbcmdhb ACBP=A9
 0001:0009A534 00000026 C=CODE    S=_TEXT    G=(none)   M=C:\LANGUAGE\XHARBOUR\LIB\RDD.LIB|fieldhb ACBP=A9
 0001:0009A55C 000025EA C=CODE    S=_TEXT    G=(none)   M=C:\LANGUAGE\XHARBOUR\LIB\RDD.LIB|workarea ACBP=A9
 0001:0009CB48 00000867 C=CODE    S=_TEXT    G=(none)   M=C:\LANGUAGE\XHARBOUR\LIB\RDD.LIB|wacore ACBP=A9
 0001:0009D3B0 000014B6 C=CODE    S=_TEXT    G=(none)   M=C:\LANGUAGE\XHARBOUR\LIB\RDD.LIB|wafunc ACBP=A9
 0001:0009E868 00008388 C=CODE    S=_TEXT    G=(none)   M=C:\LANGUAGE\XHARBOUR\LIB\RDD.LIB|dbf1 ACBP=A9
 0001:000A6BF0 0000069F C=CODE    S=_TEXT    G=(none)   M=C:\LANGUAGE\XHARBOUR\LIB\RDD.LIB|hbdbsort ACBP=A9
 0001:000A7290 000000D8 C=CODE    S=_TEXT    G=(none)   M=C:\LANGUAGE\XHARBOUR\LIB\RDD.LIB|rddord ACBP=A9
 0001:000A7368 0000004C C=CODE    S=_TEXT    G=(none)   M=C:\LANGUAGE\XHARBOUR\LIB\RDD.LIB|rddsys ACBP=A9
 0001:000A73B4 0000AB40 C=CODE    S=_TEXT    G=(none)   M=C:\LANGUAGE\XHARBOUR\LIB\DBFNTX.LIB|dbfntx1 ACBP=A9
 0001:000B1EF4 00007584 C=CODE    S=_TEXT    G=(none)   M=C:\LANGUAGE\XHARBOUR\LIB\DBFFPT.LIB|dbffpt1 ACBP=A9
 0001:000B9478 000003BF C=CODE    S=_TEXT    G=(none)   M=C:\LANGUAGE\XHARBOUR\LIB\HBSIX.LIB|sxcrypt ACBP=A9
 0001:000B9838 000000F8 C=CODE    S=_TEXT    G=(none)   M=C:\LANGUAGE\XHARBOUR\LIB\HBSIX.LIB|sxdate ACBP=A9
 0001:000B9930 0000003F C=CODE    S=_TEXT    G=(none)   M=C:\LANGUAGE\XHARBOUR\LIB\COMMON.LIB|hbfopen ACBP=A9
 0001:000B9970 000003DF C=CODE    S=_TEXT    G=(none)   M=C:\LANGUAGE\XHARBOUR\LIB\COMMON.LIB|hbfsapi ACBP=A9
 0001:000B9D50 000000F7 C=CODE    S=_TEXT    G=(none)   M=C:\LANGUAGE\XHARBOUR\LIB\COMMON.LIB|hbgete ACBP=A9
 0001:000B9E48 00001164 C=CODE    S=_TEXT    G=(none)   M=C:\LANGUAGE\XHARBOUR\LIB\COMMON.LIB|hbstr ACBP=A9
 0001:000BAFAC 00001AA1 C=CODE    S=_TEXT    G=(none)   M=C:\LANGUAGE\XHARBOUR\LIB\COMMON.LIB|hbprintf ACBP=A9
 0001:000BCA50 00000225 C=CODE    S=_TEXT    G=(none)   M=C:\LANGUAGE\XHARBOUR\LIB\COMMON.LIB|hbtrace ACBP=A9
 0001:000BCC78 00000FE2 C=CODE    S=_TEXT    G=(none)   M=C:\LANGUAGE\XHARBOUR\LIB\COMMON.LIB|hbver ACBP=A9
 0001:000BDC5C 00000AC6 C=CODE    S=_TEXT    G=(none)   M=C:\LANGUAGE\XHARBOUR\LIB\COMMON.LIB|expropt1 ACBP=A9
 0001:000BE724 0000135B C=CODE    S=_TEXT    G=(none)   M=C:\LANGUAGE\XHARBOUR\LIB\COMMON.LIB|expropt2 ACBP=A9
 0001:000BFA80 00000060 C=CODE    S=_TEXT    G=(none)   M=C:\LANGUAGE\XHARBOUR\LIB\COMMON.LIB|reserved ACBP=A9
 0001:000BFAE0 00001929 C=CODE    S=_TEXT    G=(none)   M=C:\LANGUAGE\XHARBOUR\LIB\COMMON.LIB|hbdate ACBP=A9
 0001:000C140C 00000181 C=CODE    S=_TEXT    G=(none)   M=C:\LANGUAGE\XHARBOUR\LIB\COMMON.LIB|hbwince ACBP=A9
 0001:000C1590 00007A00 C=CODE    S=_TEXT    G=(none)   M=C:\LANGUAGE\XHARBOUR\LIB\PCREPOS.LIB|pcre_compile ACBP=A9
 0001:000C8F90 0000B70F C=CODE    S=_TEXT    G=(none)   M=C:\LANGUAGE\XHARBOUR\LIB\PCREPOS.LIB|pcre_exec ACBP=A9
 0001:000D46A0 0000025E C=CODE    S=_TEXT    G=(none)   M=C:\LANGUAGE\XHARBOUR\LIB\PCREPOS.LIB|pcre_fullinfo ACBP=A9
 0001:000D4900 000003D7 C=CODE    S=_TEXT    G=(none)   M=C:\LANGUAGE\XHARBOUR\LIB\PCREPOS.LIB|pcre_newline ACBP=A9
 0001:000D4CD8 0000004F C=CODE    S=_TEXT    G=(none)   M=C:\LANGUAGE\XHARBOUR\LIB\PCREPOS.LIB|pcre_ord2utf8 ACBP=A9
 0001:000D4D28 00000428 C=CODE    S=_TEXT    G=(none)   M=C:\LANGUAGE\XHARBOUR\LIB\PCREPOS.LIB|pcre_valid_utf8 ACBP=A9
 0001:000D5150 00000016 C=CODE    S=_TEXT    G=(none)   M=C:\LANGUAGE\XHARBOUR\LIB\PCREPOS.LIB|pcre_version ACBP=A9
 0001:000D5168 00000415 C=CODE    S=_TEXT    G=(none)   M=C:\LANGUAGE\XHARBOUR\LIB\PCREPOS.LIB|pcre_xclass ACBP=A9
 0001:000D5580 000003C5 C=CODE    S=_TEXT    G=(none)   M=C:\LANGUAGE\XHARBOUR\LIB\PCREPOS.LIB|pcreposix ACBP=A9
 0001:000D5948 00000559 C=CODE    S=_TEXT    G=(none)   M=C:\LANGUAGE\XHARBOUR\LIB\CT.LIB|atnum ACBP=A9
 0001:000D5EA4 000001E3 C=CODE    S=_TEXT    G=(none)   M=C:\LANGUAGE\XHARBOUR\LIB\CT.LIB|blank ACBP=A9
 0001:000D6088 0000031D C=CODE    S=_TEXT    G=(none)   M=C:\LANGUAGE\XHARBOUR\LIB\CT.LIB|charonly ACBP=A9
 0001:000D63A8 000002A2 C=CODE    S=_TEXT    G=(none)   M=C:\LANGUAGE\XHARBOUR\LIB\CT.LIB|ctc ACBP=A9
 0001:000D664C 00000105 C=CODE    S=_TEXT    G=(none)   M=C:\LANGUAGE\XHARBOUR\LIB\CT.LIB|ctmath ACBP=A9
 0001:000D6754 0000044E C=CODE    S=_TEXT    G=(none)   M=C:\LANGUAGE\XHARBOUR\LIB\CT.LIB|ctmath2 ACBP=A9
 0001:000D6BA4 000004FD C=CODE    S=_TEXT    G=(none)   M=C:\LANGUAGE\XHARBOUR\LIB\CT.LIB|ctstr ACBP=A9
 0001:000D70A4 00000516 C=CODE    S=_TEXT    G=(none)   M=C:\LANGUAGE\XHARBOUR\LIB\CT.LIB|range ACBP=A9
 0001:000D75BC 000009BF C=CODE    S=_TEXT    G=(none)   M=C:\LANGUAGE\XHARBOUR\LIB\CT.LIB|token1 ACBP=A9
 0001:000D7F7C 00000377 C=CODE    S=_TEXT    G=(none)   M=C:\LANGUAGE\XHARBOUR\LIB\ZLIB.LIB|adler32 ACBP=A9
 0001:000D82F4 0000091F C=CODE    S=_TEXT    G=(none)   M=C:\LANGUAGE\XHARBOUR\LIB\ZLIB.LIB|crc32 ACBP=A9
 0001:000D8C14 000025DF C=CODE    S=_TEXT    G=(none)   M=C:\LANGUAGE\XHARBOUR\LIB\ZLIB.LIB|deflate ACBP=A9
 0001:000DB1F4 00000493 C=CODE    S=_TEXT    G=(none)   M=C:\LANGUAGE\XHARBOUR\LIB\ZLIB.LIB|inffast ACBP=A9
 0001:000DB688 00001D7D C=CODE    S=_TEXT    G=(none)   M=C:\LANGUAGE\XHARBOUR\LIB\ZLIB.LIB|inflate ACBP=A9
 0001:000DD408 00000429 C=CODE    S=_TEXT    G=(none)   M=C:\LANGUAGE\XHARBOUR\LIB\ZLIB.LIB|inftrees ACBP=A9
 0001:000DD834 00001CCB C=CODE    S=_TEXT    G=(none)   M=C:\LANGUAGE\XHARBOUR\LIB\ZLIB.LIB|trees ACBP=A9
 0001:000DF500 000000EF C=CODE    S=_TEXT    G=(none)   M=C:\LANGUAGE\XHARBOUR\LIB\ZLIB.LIB|zutil ACBP=A9
 0001:000DF5EF 000015B9 C=CODE    S=_TEXT    G=(none)   M=C:\LANGUAGE\XHARBOUR\LIB\HBZIP.LIB|ziparchive ACBP=A9
 0001:000E0AB8 000025F4 C=CODE    S=_TEXT    G=(none)   M=C:\LANGUAGE\XHARBOUR\LIB\PNG.LIB|png ACBP=A9
 0001:000E30AC 0000060B C=CODE    S=_TEXT    G=(none)   M=C:\LANGUAGE\XHARBOUR\LIB\PNG.LIB|pngerror ACBP=A9
 0001:000E36B8 0000101D C=CODE    S=_TEXT    G=(none)   M=C:\LANGUAGE\XHARBOUR\LIB\PNG.LIB|pngget ACBP=A9
 0001:000E46D8 0000025E C=CODE    S=_TEXT    G=(none)   M=C:\LANGUAGE\XHARBOUR\LIB\PNG.LIB|pngmem ACBP=A9
 0001:000E4938 0000132A C=CODE    S=_TEXT    G=(none)   M=C:\LANGUAGE\XHARBOUR\LIB\PNG.LIB|pngread ACBP=A9
 0001:000E5C64 000000B0 C=CODE    S=_TEXT    G=(none)   M=C:\LANGUAGE\XHARBOUR\LIB\PNG.LIB|pngrio ACBP=A9
 0001:000E5D14 00005217 C=CODE    S=_TEXT    G=(none)   M=C:\LANGUAGE\XHARBOUR\LIB\PNG.LIB|pngrtran ACBP=A9
 0001:000EAF2C 00004D09 C=CODE    S=_TEXT    G=(none)   M=C:\LANGUAGE\XHARBOUR\LIB\PNG.LIB|pngrutil ACBP=A9
 0001:000EFC38 000016D6 C=CODE    S=_TEXT    G=(none)   M=C:\LANGUAGE\XHARBOUR\LIB\PNG.LIB|pngset ACBP=A9
 0001:000F1310 000004A3 C=CODE    S=_TEXT    G=(none)   M=C:\LANGUAGE\XHARBOUR\LIB\PNG.LIB|pngtrans ACBP=A9
 0001:000F17B4 000000F5 C=CODE    S=_TEXT    G=(none)   M=C:\LANGUAGE\XHARBOUR\LIB\PNG.LIB|pngwio ACBP=A9
 0001:000F18AC 000015C4 C=CODE    S=_TEXT    G=(none)   M=C:\LANGUAGE\XHARBOUR\LIB\PNG.LIB|pngwrite ACBP=A9
 0001:000F2E70 0000084B C=CODE    S=_TEXT    G=(none)   M=C:\LANGUAGE\XHARBOUR\LIB\PNG.LIB|pngwtran ACBP=A9
 0001:000F36BC 00003581 C=CODE    S=_TEXT    G=(none)   M=C:\LANGUAGE\XHARBOUR\LIB\PNG.LIB|pngwutil ACBP=A9
 0001:000F6C40 00000028 C=CODE    S=_TEXT    G=(none)   M=C:\LANGUAGE\BORLAND\LIB\CW32.LIB|delaop ACBP=A9
 0001:000F6C68 0000002E C=CODE    S=_TEXT    G=(none)   M=C:\LANGUAGE\BORLAND\LIB\CW32.LIB|delop ACBP=A9
 0001:000F6C98 0000004E C=CODE    S=_TEXT    G=(none)   M=C:\LANGUAGE\BORLAND\LIB\CW32.LIB|exceptio ACBP=A9
 0001:000F6CCD 00000099 C=CODE    S=_TEXT    G=(none)   M=C:\LANGUAGE\BORLAND\LIB\CW32.LIB|gccex ACBP=A9
 0001:000F6D1A 000006EE C=CODE    S=_TEXT    G=(none)   M=C:\LANGUAGE\BORLAND\LIB\CW32.LIB|inst ACBP=A9
 0001:000F73E0 0000245C C=CODE    S=_TEXT    G=(none)   M=C:\LANGUAGE\BORLAND\LIB\CW32.LIB|ios ACBP=A9
 0001:000F9814 000045B6 C=CODE    S=_TEXT    G=(none)   M=C:\LANGUAGE\BORLAND\LIB\CW32.LIB|iostream ACBP=A9
 0001:000FDDA4 000002EF C=CODE    S=_TEXT    G=(none)   M=C:\LANGUAGE\BORLAND\LIB\CW32.LIB|dwlocale ACBP=A9
 0001:000FE06C 00002106 C=CODE    S=_TEXT    G=(none)   M=C:\LANGUAGE\BORLAND\LIB\CW32.LIB|locale0 ACBP=A9
 0001:00100172 00000019 C=CODE    S=_TEXT    G=(none)   M=C:\LANGUAGE\BORLAND\LIB\CW32.LIB|new ACBP=A9
 0001:00100174 00000074 C=CODE    S=_TEXT    G=(none)   M=C:\LANGUAGE\BORLAND\LIB\CW32.LIB|newaop ACBP=A9
 0001:0010019C 0000011E C=CODE    S=_TEXT    G=(none)   M=C:\LANGUAGE\BORLAND\LIB\CW32.LIB|newop ACBP=A9
 0001:00100297 00000EB1 C=CODE    S=_TEXT    G=(none)   M=C:\LANGUAGE\BORLAND\LIB\CW32.LIB|string ACBP=A9
 0001:00101120 000043B1 C=CODE    S=_TEXT    G=(none)   M=C:\LANGUAGE\BORLAND\LIB\CW32.LIB|wiostrea ACBP=A9
 0001:001054A9 000000D4 C=CODE    S=_TEXT    G=(none)   M=C:\LANGUAGE\BORLAND\LIB\CW32.LIB|xlocinfo ACBP=A9
 0001:00105580 00000110 C=CODE    S=_TEXT    G=(none)   M=C:\LANGUAGE\BORLAND\LIB\CW32.LIB|xstart ACBP=A9
 0001:00105690 00000027 C=CODE    S=_TEXT    G=(none)   M=C:\LANGUAGE\BORLAND\LIB\CW32.LIB|wchar ACBP=A9
 0001:001056B8 0000014B C=CODE    S=_TEXT    G=(none)   M=C:\LANGUAGE\BORLAND\LIB\CW32.LIB|hrdir_b ACBP=A9
 0001:00105804 00000020 C=CODE    S=_TEXT    G=(none)   M=C:\LANGUAGE\BORLAND\LIB\CW32.LIB|hrdir_mf ACBP=A9
 0001:00105824 000000DC C=CODE    S=_TEXT    G=(none)   M=C:\LANGUAGE\BORLAND\LIB\CW32.LIB|hrdir_s ACBP=A9
 0001:00105900 00000001 C=CODE    S=_TEXT    G=(none)   M=C:\LANGUAGE\BORLAND\LIB\CW32.LIB|hrdir_us ACBP=A9
 0001:00105904 00000DC2 C=CODE    S=_TEXT    G=(none)   M=C:\LANGUAGE\BORLAND\LIB\CW32.LIB|_fastmm ACBP=A9
 0001:001066C8 00000B42 C=CODE    S=_TEXT    G=(none)   M=C:\LANGUAGE\BORLAND\LIB\CW32.LIB|_fastmma ACBP=A9
 0001:0010720C 0000004A C=CODE    S=_TEXT    G=(none)   M=C:\LANGUAGE\BORLAND\LIB\CW32.LIB|heap ACBP=A9
 0001:00107258 00000065 C=CODE    S=_TEXT    G=(none)   M=C:\LANGUAGE\BORLAND\LIB\CW32.LIB|realloc ACBP=A9
 0001:001072C0 00000001 C=CODE    S=_TEXT    G=(none)   M=C:\LANGUAGE\BORLAND\LIB\CW32.LIB|crtlst_i ACBP=A9
 0001:001072C4 00000001 C=CODE    S=_TEXT    G=(none)   M=C:\LANGUAGE\BORLAND\LIB\CW32.LIB|crtlst_l ACBP=A9
 0001:001072C8 00000032 C=CODE    S=_TEXT    G=(none)   M=C:\LANGUAGE\BORLAND\LIB\CW32.LIB|strdup ACBP=A9
 0001:001072FC 000000A3 C=CODE    S=_TEXT    G=(none)   M=C:\LANGUAGE\BORLAND\LIB\CW32.LIB|strerror ACBP=A9
 0001:001073A0 0000004F C=CODE    S=_TEXT    G=(none)   M=C:\LANGUAGE\BORLAND\LIB\CW32.LIB|strncpy ACBP=A9
 0001:001073F0 0000002D C=CODE    S=_TEXT    G=(none)   M=C:\LANGUAGE\BORLAND\LIB\CW32.LIB|strpbrk ACBP=A9
 0001:00107420 00000029 C=CODE    S=_TEXT    G=(none)   M=C:\LANGUAGE\BORLAND\LIB\CW32.LIB|strrchr ACBP=A9
 0001:0010744C 00000060 C=CODE    S=_TEXT    G=(none)   M=C:\LANGUAGE\BORLAND\LIB\CW32.LIB|strstr ACBP=A9
 0001:001074AC 0000003F C=CODE    S=_TEXT    G=(none)   M=C:\LANGUAGE\BORLAND\LIB\CW32.LIB|wcscpy ACBP=A9
 0001:001074EC 00000018 C=CODE    S=_TEXT    G=(none)   M=C:\LANGUAGE\BORLAND\LIB\CW32.LIB|wcslen ACBP=A9
 0001:00107504 00000037 C=CODE    S=_TEXT    G=(none)   M=C:\LANGUAGE\BORLAND\LIB\CW32.LIB|_stpcpy ACBP=A9
 0001:0010753C 00000055 C=CODE    S=_TEXT    G=(none)   M=C:\LANGUAGE\BORLAND\LIB\CW32.LIB|memchr ACBP=A9
 0001:00107594 0000006C C=CODE    S=_TEXT    G=(none)   M=C:\LANGUAGE\BORLAND\LIB\CW32.LIB|memcmp ACBP=A9
 0001:00107600 00000016 C=CODE    S=_TEXT    G=(none)   M=C:\LANGUAGE\BORLAND\LIB\CW32.LIB|memcpy ACBP=A9
 0001:00107618 00000117 C=CODE    S=_TEXT    G=(none)   M=C:\LANGUAGE\BORLAND\LIB\CW32.LIB|memmove ACBP=A9
 0001:00107730 000000B3 C=CODE    S=_TEXT    G=(none)   M=C:\LANGUAGE\BORLAND\LIB\CW32.LIB|memset ACBP=A9
 0001:001077E4 0000005D C=CODE    S=_TEXT    G=(none)   M=C:\LANGUAGE\BORLAND\LIB\CW32.LIB|strcat ACBP=A9
 0001:00107844 0000004E C=CODE    S=_TEXT    G=(none)   M=C:\LANGUAGE\BORLAND\LIB\CW32.LIB|strchr ACBP=A9
 0001:00107894 0000004D C=CODE    S=_TEXT    G=(none)   M=C:\LANGUAGE\BORLAND\LIB\CW32.LIB|strcmp ACBP=A9
 0001:001078E4 00000049 C=CODE    S=_TEXT    G=(none)   M=C:\LANGUAGE\BORLAND\LIB\CW32.LIB|strcpy ACBP=A9
 0001:00107930 0000005A C=CODE    S=_TEXT    G=(none)   M=C:\LANGUAGE\BORLAND\LIB\CW32.LIB|strlen ACBP=A9
 0001:0010798C 0000007A C=CODE    S=_TEXT    G=(none)   M=C:\LANGUAGE\BORLAND\LIB\CW32.LIB|strncat ACBP=A9
 0001:00107A08 0000005F C=CODE    S=_TEXT    G=(none)   M=C:\LANGUAGE\BORLAND\LIB\CW32.LIB|strncmp ACBP=A9
 0001:00107A68 0000001C C=CODE    S=_TEXT    G=(none)   M=C:\LANGUAGE\BORLAND\LIB\CW32.LIB|wmemcpy ACBP=A9
 0001:00107A84 000000DF C=CODE    S=_TEXT    G=(none)   M=C:\LANGUAGE\BORLAND\LIB\CW32.LIB|wmemset ACBP=A9
 0001:00107B64 00000040 C=CODE    S=_TEXT    G=(none)   M=C:\LANGUAGE\BORLAND\LIB\CW32.LIB|__access ACBP=A9
 0001:00107BA4 00000063 C=CODE    S=_TEXT    G=(none)   M=C:\LANGUAGE\BORLAND\LIB\CW32.LIB|__close ACBP=A9
 0001:00107C08 00000013 C=CODE    S=_TEXT    G=(none)   M=C:\LANGUAGE\BORLAND\LIB\CW32.LIB|__dup ACBP=A9
 0001:00107C1C 000000EF C=CODE    S=_TEXT    G=(none)   M=C:\LANGUAGE\BORLAND\LIB\CW32.LIB|__dup2 ACBP=A9
 0001:00107D0C 00000086 C=CODE    S=_TEXT    G=(none)   M=C:\LANGUAGE\BORLAND\LIB\CW32.LIB|__eof ACBP=A9
 0001:00107D94 00000047 C=CODE    S=_TEXT    G=(none)   M=C:\LANGUAGE\BORLAND\LIB\CW32.LIB|__isatty ACBP=A9
 0001:00107DDC 00000076 C=CODE    S=_TEXT    G=(none)   M=C:\LANGUAGE\BORLAND\LIB\CW32.LIB|__lseek ACBP=A9
 0001:00107E54 00000214 C=CODE    S=_TEXT    G=(none)   M=C:\LANGUAGE\BORLAND\LIB\CW32.LIB|__open ACBP=A9
 0001:00108068 0000019A C=CODE    S=_TEXT    G=(none)   M=C:\LANGUAGE\BORLAND\LIB\CW32.LIB|__read ACBP=A9
 0001:00108204 000001DD C=CODE    S=_TEXT    G=(none)   M=C:\LANGUAGE\BORLAND\LIB\CW32.LIB|__wread ACBP=A9
 0001:001083E4 0000011C C=CODE    S=_TEXT    G=(none)   M=C:\LANGUAGE\BORLAND\LIB\CW32.LIB|__write ACBP=A9
 0001:00108500 00000011 C=CODE    S=_TEXT    G=(none)   M=C:\LANGUAGE\BORLAND\LIB\CW32.LIB|_cfinfo ACBP=A9
 0001:00108514 00000075 C=CODE    S=_TEXT    G=(none)   M=C:\LANGUAGE\BORLAND\LIB\CW32.LIB|_read ACBP=A9
 0001:00108589 00000017 C=CODE    S=_TEXT    G=(none)   M=C:\LANGUAGE\BORLAND\LIB\CW32.LIB|_umask ACBP=A9
 0001:0010858C 00000061 C=CODE    S=_TEXT    G=(none)   M=C:\LANGUAGE\BORLAND\LIB\CW32.LIB|_write ACBP=A9
 0001:001085F0 0000007D C=CODE    S=_TEXT    G=(none)   M=C:\LANGUAGE\BORLAND\LIB\CW32.LIB|allocbuf ACBP=A9
 0001:00108670 0000009C C=CODE    S=_TEXT    G=(none)   M=C:\LANGUAGE\BORLAND\LIB\CW32.LIB|chdrive ACBP=A9
 0001:0010870C 0000008E C=CODE    S=_TEXT    G=(none)   M=C:\LANGUAGE\BORLAND\LIB\CW32.LIB|fclose ACBP=A9
 0001:0010879C 0000007F C=CODE    S=_TEXT    G=(none)   M=C:\LANGUAGE\BORLAND\LIB\CW32.LIB|fflush ACBP=A9
 0001:0010881C 0000001E C=CODE    S=_TEXT    G=(none)   M=C:\LANGUAGE\BORLAND\LIB\CW32.LIB|fgetpos ACBP=A9
 0001:0010883C 0000005A C=CODE    S=_TEXT    G=(none)   M=C:\LANGUAGE\BORLAND\LIB\CW32.LIB|flushout ACBP=A9
 0001:00108898 00000023 C=CODE    S=_TEXT    G=(none)   M=C:\LANGUAGE\BORLAND\LIB\CW32.LIB|fmodeptr ACBP=A9
 0001:001088BC 0000021B C=CODE    S=_TEXT    G=(none)   M=C:\LANGUAGE\BORLAND\LIB\CW32.LIB|fopen ACBP=A9
 0001:00108AD8 00000022 C=CODE    S=_TEXT    G=(none)   M=C:\LANGUAGE\BORLAND\LIB\CW32.LIB|fprintf ACBP=A9
 0001:00108AFC 000000DC C=CODE    S=_TEXT    G=(none)   M=C:\LANGUAGE\BORLAND\LIB\CW32.LIB|fputn ACBP=A9
 0001:00108BD8 00000167 C=CODE    S=_TEXT    G=(none)   M=C:\LANGUAGE\BORLAND\LIB\CW32.LIB|fread ACBP=A9
 0001:00108D40 0000014C C=CODE    S=_TEXT    G=(none)   M=C:\LANGUAGE\BORLAND\LIB\CW32.LIB|fseek ACBP=A9
 0001:00108E8C 00000019 C=CODE    S=_TEXT    G=(none)   M=C:\LANGUAGE\BORLAND\LIB\CW32.LIB|fsetpos ACBP=A9
 0001:00108EA8 00000031 C=CODE    S=_TEXT    G=(none)   M=C:\LANGUAGE\BORLAND\LIB\CW32.LIB|fwrite ACBP=A9
 0001:00108EDC 000002B9 C=CODE    S=_TEXT    G=(none)   M=C:\LANGUAGE\BORLAND\LIB\CW32.LIB|handles ACBP=A9
 0001:00109198 0000007E C=CODE    S=_TEXT    G=(none)   M=C:\LANGUAGE\BORLAND\LIB\CW32.LIB|ioerror ACBP=A9
 0001:00109218 000001A6 C=CODE    S=_TEXT    G=(none)   M=C:\LANGUAGE\BORLAND\LIB\CW32.LIB|lgetc ACBP=A9
 0001:001093C0 000001A8 C=CODE    S=_TEXT    G=(none)   M=C:\LANGUAGE\BORLAND\LIB\CW32.LIB|lgetwc ACBP=A9
 0001:00109568 0000011A C=CODE    S=_TEXT    G=(none)   M=C:\LANGUAGE\BORLAND\LIB\CW32.LIB|lputc ACBP=A9
 0001:00109684 00000144 C=CODE    S=_TEXT    G=(none)   M=C:\LANGUAGE\BORLAND\LIB\CW32.LIB|lputwc ACBP=A9
 0001:001097C8 00000091 C=CODE    S=_TEXT    G=(none)   M=C:\LANGUAGE\BORLAND\LIB\CW32.LIB|mkname ACBP=A9
 0001:00109859 00000083 C=CODE    S=_TEXT    G=(none)   M=C:\LANGUAGE\BORLAND\LIB\CW32.LIB|perror ACBP=A9
 0001:0010985C 00000023 C=CODE    S=_TEXT    G=(none)   M=C:\LANGUAGE\BORLAND\LIB\CW32.LIB|printf ACBP=A9
 0001:00109880 0000006E C=CODE    S=_TEXT    G=(none)   M=C:\LANGUAGE\BORLAND\LIB\CW32.LIB|setmode ACBP=A9
 0001:001098F0 0000004D C=CODE    S=_TEXT    G=(none)   M=C:\LANGUAGE\BORLAND\LIB\CW32.LIB|setvbuf ACBP=A9
 0001:00109940 00000078 C=CODE    S=_TEXT    G=(none)   M=C:\LANGUAGE\BORLAND\LIB\CW32.LIB|sprintf ACBP=A9
 0001:001099B8 00000101 C=CODE    S=_TEXT    G=(none)   M=C:\LANGUAGE\BORLAND\LIB\CW32.LIB|streams ACBP=A9
 0001:00109ABC 00000052 C=CODE    S=_TEXT    G=(none)   M=C:\LANGUAGE\BORLAND\LIB\CW32.LIB|ungetc ACBP=A9
 0001:00109B10 0000005C C=CODE    S=_TEXT    G=(none)   M=C:\LANGUAGE\BORLAND\LIB\CW32.LIB|ungetwc ACBP=A9
 0001:00109B6C 0000001A C=CODE    S=_TEXT    G=(none)   M=C:\LANGUAGE\BORLAND\LIB\CW32.LIB|unlink ACBP=A9
 0001:00109B88 00000022 C=CODE    S=_TEXT    G=(none)   M=C:\LANGUAGE\BORLAND\LIB\CW32.LIB|vfprintf ACBP=A9
 0001:00109BAC 00000A98 C=CODE    S=_TEXT    G=(none)   M=C:\LANGUAGE\BORLAND\LIB\CW32.LIB|vprinter ACBP=A9
 0001:0010A644 0000002E C=CODE    S=_TEXT    G=(none)   M=C:\LANGUAGE\BORLAND\LIB\CW32.LIB|xfclose ACBP=A9
 0001:0010A674 00000027 C=CODE    S=_TEXT    G=(none)   M=C:\LANGUAGE\BORLAND\LIB\CW32.LIB|xfflush ACBP=A9
 0001:0010A69C 00000008 C=CODE    S=_TEXT    G=(none)   M=C:\LANGUAGE\BORLAND\LIB\CW32.LIB|access ACBP=A9
 0001:0010A6A4 00000008 C=CODE    S=_TEXT    G=(none)   M=C:\LANGUAGE\BORLAND\LIB\CW32.LIB|close ACBP=A9
 0001:0010A6AC 00000008 C=CODE    S=_TEXT    G=(none)   M=C:\LANGUAGE\BORLAND\LIB\CW32.LIB|dup ACBP=A9
 0001:0010A6B4 00000006 C=CODE    S=_TEXT    G=(none)   M=C:\LANGUAGE\BORLAND\LIB\CW32.LIB|cconv ACBP=A9
 0001:0010A6BC 000002CC C=CODE    S=_TEXT    G=(none)   M=C:\LANGUAGE\BORLAND\LIB\CW32.LIB|convt ACBP=A9
 0001:0010A988 0000006C C=CODE    S=_TEXT    G=(none)   M=C:\LANGUAGE\BORLAND\LIB\CW32.LIB|getinfo ACBP=A9
 0001:0010A9F4 00000116 C=CODE    S=_TEXT    G=(none)   M=C:\LANGUAGE\BORLAND\LIB\CW32.LIB|is ACBP=A9
 0001:0010AB0C 0000011B C=CODE    S=_TEXT    G=(none)   M=C:\LANGUAGE\BORLAND\LIB\CW32.LIB|wis ACBP=A9
 0001:0010AC28 0000009F C=CODE    S=_TEXT    G=(none)   M=C:\LANGUAGE\BORLAND\LIB\CW32.LIB|isctype ACBP=A9
 0001:0010ACC8 000000E6 C=CODE    S=_TEXT    G=(none)   M=C:\LANGUAGE\BORLAND\LIB\CW32.LIB|iswctype ACBP=A9
 0001:0010ADB0 0000118F C=CODE    S=_TEXT    G=(none)   M=C:\LANGUAGE\BORLAND\LIB\CW32.LIB|locale ACBP=A9
 0001:0010BF40 00000816 C=CODE    S=_TEXT    G=(none)   M=C:\LANGUAGE\BORLAND\LIB\CW32.LIB|initcat ACBP=A9
 0001:0010C758 000000DD C=CODE    S=_TEXT    G=(none)   M=C:\LANGUAGE\BORLAND\LIB\CW32.LIB|lconv ACBP=A9
 0001:0010C838 00000024 C=CODE    S=_TEXT    G=(none)   M=C:\LANGUAGE\BORLAND\LIB\CW32.LIB|lstrlwr ACBP=A9
 0001:0010C85C 000000C0 C=CODE    S=_TEXT    G=(none)   M=C:\LANGUAGE\BORLAND\LIB\CW32.LIB|ltolower ACBP=A9
 0001:0010C91C 000000C0 C=CODE    S=_TEXT    G=(none)   M=C:\LANGUAGE\BORLAND\LIB\CW32.LIB|ltoupper ACBP=A9
 0001:0010C9DC 00000681 C=CODE    S=_TEXT    G=(none)   M=C:\LANGUAGE\BORLAND\LIB\CW32.LIB|mbyte1 ACBP=A9
 0001:0010D060 00000252 C=CODE    S=_TEXT    G=(none)   M=C:\LANGUAGE\BORLAND\LIB\CW32.LIB|mbrtowc ACBP=A9
 0001:0010D2B4 00000016 C=CODE    S=_TEXT    G=(none)   M=C:\LANGUAGE\BORLAND\LIB\CW32.LIB|lsetlocl ACBP=A9
 0001:0010D2CC 00000268 C=CODE    S=_TEXT    G=(none)   M=C:\LANGUAGE\BORLAND\LIB\CW32.LIB|_ll ACBP=A9
 0001:0010D534 0000001D C=CODE    S=_TEXT    G=(none)   M=C:\LANGUAGE\BORLAND\LIB\CW32.LIB|_finite ACBP=A9
 0001:0010D554 0000001E C=CODE    S=_TEXT    G=(none)   M=C:\LANGUAGE\BORLAND\LIB\CW32.LIB|_finitel ACBP=A9
 0001:0010D574 0000002B C=CODE    S=_TEXT    G=(none)   M=C:\LANGUAGE\BORLAND\LIB\CW32.LIB|_ftoul ACBP=A9
 0001:0010D5A0 00000045 C=CODE    S=_TEXT    G=(none)   M=C:\LANGUAGE\BORLAND\LIB\CW32.LIB|_isnan ACBP=A9
 0001:0010D5E8 00000049 C=CODE    S=_TEXT    G=(none)   M=C:\LANGUAGE\BORLAND\LIB\CW32.LIB|_isnanl ACBP=A9
 0001:0010D634 000000B0 C=CODE    S=_TEXT    G=(none)   M=C:\LANGUAGE\BORLAND\LIB\CW32.LIB|_matherr ACBP=A9
 0001:0010D6E4 00000184 C=CODE    S=_TEXT    G=(none)   M=C:\LANGUAGE\BORLAND\LIB\CW32.LIB|_pow10 ACBP=A9
 0001:0010D868 00000013 C=CODE    S=_TEXT    G=(none)   M=C:\LANGUAGE\BORLAND\LIB\CW32.LIB|atof ACBP=A9
 0001:0010D87C 00000077 C=CODE    S=_TEXT    G=(none)   M=C:\LANGUAGE\BORLAND\LIB\CW32.LIB|atol ACBP=A9
 0001:0010D8F4 0000001C C=CODE    S=_TEXT    G=(none)   M=C:\LANGUAGE\BORLAND\LIB\CW32.LIB|ceil ACBP=A9
 0001:0010D910 00000013 C=CODE    S=_TEXT    G=(none)   M=C:\LANGUAGE\BORLAND\LIB\CW32.LIB|clear87 ACBP=A9
 0001:0010D924 0000003F C=CODE    S=_TEXT    G=(none)   M=C:\LANGUAGE\BORLAND\LIB\CW32.LIB|cos ACBP=A9
 0001:0010D964 0000002F C=CODE    S=_TEXT    G=(none)   M=C:\LANGUAGE\BORLAND\LIB\CW32.LIB|ctrl87 ACBP=A9
 0001:0010D994 00000018 C=CODE    S=_TEXT    G=(none)   M=C:\LANGUAGE\BORLAND\LIB\CW32.LIB|cvtentry ACBP=A9
 0001:0010D9AC 00000018 C=CODE    S=_TEXT    G=(none)   M=C:\LANGUAGE\BORLAND\LIB\CW32.LIB|cvtfak ACBP=A9
 0001:0010D9C4 00000018 C=CODE    S=_TEXT    G=(none)   M=C:\LANGUAGE\BORLAND\LIB\CW32.LIB|cvtfakw ACBP=A9
 0001:0010D9DC 00000016 C=CODE    S=_TEXT    G=(none)   M=C:\LANGUAGE\BORLAND\LIB\CW32.LIB|div ACBP=A9
 0001:0010D9F4 0000006C C=CODE    S=_TEXT    G=(none)   M=C:\LANGUAGE\BORLAND\LIB\CW32.LIB|exp ACBP=A9
 0001:0010DA60 000000D2 C=CODE    S=_TEXT    G=(none)   M=C:\LANGUAGE\BORLAND\LIB\CW32.LIB|f87exp ACBP=A9
 0001:0010DB34 00000048 C=CODE    S=_TEXT    G=(none)   M=C:\LANGUAGE\BORLAND\LIB\CW32.LIB|f87log ACBP=A9
 0001:0010DB7C 0000000D C=CODE    S=_TEXT    G=(none)   M=C:\LANGUAGE\BORLAND\LIB\CW32.LIB|fabs ACBP=A9
 0001:0010DB8C 0000001C C=CODE    S=_TEXT    G=(none)   M=C:\LANGUAGE\BORLAND\LIB\CW32.LIB|floor ACBP=A9
 0001:0010DBA8 0000004D C=CODE    S=_TEXT    G=(none)   M=C:\LANGUAGE\BORLAND\LIB\CW32.LIB|fmod ACBP=A9
 0001:0010DBF8 00000016 C=CODE    S=_TEXT    G=(none)   M=C:\LANGUAGE\BORLAND\LIB\CW32.LIB|fpreset ACBP=A9
 0001:0010DC10 00000035 C=CODE    S=_TEXT    G=(none)   M=C:\LANGUAGE\BORLAND\LIB\CW32.LIB|frexp ACBP=A9
 0001:0010DC48 00000030 C=CODE    S=_TEXT    G=(none)   M=C:\LANGUAGE\BORLAND\LIB\CW32.LIB|ftol ACBP=A9
 0001:0010DC78 0000002D C=CODE    S=_TEXT    G=(none)   M=C:\LANGUAGE\BORLAND\LIB\CW32.LIB|fuildq ACBP=A9
 0001:0010DCA8 00000021 C=CODE    S=_TEXT    G=(none)   M=C:\LANGUAGE\BORLAND\LIB\CW32.LIB|fuistq ACBP=A9
 0001:0010DCCC 00000011 C=CODE    S=_TEXT    G=(none)   M=C:\LANGUAGE\BORLAND\LIB\CW32.LIB|fxam ACBP=A9
 0001:0010DCE0 000000B1 C=CODE    S=_TEXT    G=(none)   M=C:\LANGUAGE\BORLAND\LIB\CW32.LIB|int64toa ACBP=A9
 0001:0010DD94 0000011B C=CODE    S=_TEXT    G=(none)   M=C:\LANGUAGE\BORLAND\LIB\CW32.LIB|ldtrunc ACBP=A9
 0001:0010DEB0 0000006D C=CODE    S=_TEXT    G=(none)   M=C:\LANGUAGE\BORLAND\LIB\CW32.LIB|log ACBP=A9
 0001:0010DF20 0000006D C=CODE    S=_TEXT    G=(none)   M=C:\LANGUAGE\BORLAND\LIB\CW32.LIB|log10 ACBP=A9
 0001:0010DF90 0000008F C=CODE    S=_TEXT    G=(none)   M=C:\LANGUAGE\BORLAND\LIB\CW32.LIB|longtoa ACBP=A9
 0001:0010E020 00000075 C=CODE    S=_TEXT    G=(none)   M=C:\LANGUAGE\BORLAND\LIB\CW32.LIB|ltoa1 ACBP=A9
 0001:0010E098 0000002E C=CODE    S=_TEXT    G=(none)   M=C:\LANGUAGE\BORLAND\LIB\CW32.LIB|matherrl ACBP=A9
 0001:0010E0C8 00000016 C=CODE    S=_TEXT    G=(none)   M=C:\LANGUAGE\BORLAND\LIB\CW32.LIB|mathptr ACBP=A9
 0001:0010E0E0 00000030 C=CODE    S=_TEXT    G=(none)   M=C:\LANGUAGE\BORLAND\LIB\CW32.LIB|modf ACBP=A9
 0001:0010E110 00000030 C=CODE    S=_TEXT    G=(none)   M=C:\LANGUAGE\BORLAND\LIB\CW32.LIB|modfl ACBP=A9
 0001:0010E140 000001DC C=CODE    S=_TEXT    G=(none)   M=C:\LANGUAGE\BORLAND\LIB\CW32.LIB|pow ACBP=A9
 0001:0010E31C 00000025 C=CODE    S=_TEXT    G=(none)   M=C:\LANGUAGE\BORLAND\LIB\CW32.LIB|qdiv10 ACBP=A9
 0001:0010E344 0000002E C=CODE    S=_TEXT    G=(none)   M=C:\LANGUAGE\BORLAND\LIB\CW32.LIB|qmul10 ACBP=A9
 0001:0010E374 00000084 C=CODE    S=_TEXT    G=(none)   M=C:\LANGUAGE\BORLAND\LIB\CW32.LIB|rand ACBP=A9
 0001:0010E3F8 000002F9 C=CODE    S=_TEXT    G=(none)   M=C:\LANGUAGE\BORLAND\LIB\CW32.LIB|realcvt ACBP=A9
 0001:0010E6F4 00000331 C=CODE    S=_TEXT    G=(none)   M=C:\LANGUAGE\BORLAND\LIB\CW32.LIB|realcvtw ACBP=A9
 0001:0010EA28 0000002C C=CODE    S=_TEXT    G=(none)   M=C:\LANGUAGE\BORLAND\LIB\CW32.LIB|round ACBP=A9
 0001:0010EA54 000004E9 C=CODE    S=_TEXT    G=(none)   M=C:\LANGUAGE\BORLAND\LIB\CW32.LIB|scantod ACBP=A9
 0001:0010EF40 000004F5 C=CODE    S=_TEXT    G=(none)   M=C:\LANGUAGE\BORLAND\LIB\CW32.LIB|scanwtod ACBP=A9
 0001:0010F438 0000003F C=CODE    S=_TEXT    G=(none)   M=C:\LANGUAGE\BORLAND\LIB\CW32.LIB|sin ACBP=A9
 0001:0010F478 0000003A C=CODE    S=_TEXT    G=(none)   M=C:\LANGUAGE\BORLAND\LIB\CW32.LIB|sqrt ACBP=A9
 0001:0010F4B4 000000FE C=CODE    S=_TEXT    G=(none)   M=C:\LANGUAGE\BORLAND\LIB\CW32.LIB|strtod ACBP=A9
 0001:0010F5B4 000002D8 C=CODE    S=_TEXT    G=(none)   M=C:\LANGUAGE\BORLAND\LIB\CW32.LIB|xcvt ACBP=A9
 0001:0010F88C 000002F7 C=CODE    S=_TEXT    G=(none)   M=C:\LANGUAGE\BORLAND\LIB\CW32.LIB|xcvtw ACBP=A9
 0001:0010FB84 0000014D C=CODE    S=_TEXT    G=(none)   M=C:\LANGUAGE\BORLAND\LIB\CW32.LIB|mbctype ACBP=A9
 0001:0010FCD4 0000003D C=CODE    S=_TEXT    G=(none)   M=C:\LANGUAGE\BORLAND\LIB\CW32.LIB|mbisalp ACBP=A9
 0001:0010FD14 0000001A C=CODE    S=_TEXT    G=(none)   M=C:\LANGUAGE\BORLAND\LIB\CW32.LIB|mbisdgt ACBP=A9
 0001:0010FD30 0000001A C=CODE    S=_TEXT    G=(none)   M=C:\LANGUAGE\BORLAND\LIB\CW32.LIB|mbisspc ACBP=A9
 0001:0010FD4C 00000054 C=CODE    S=_TEXT    G=(none)   M=C:\LANGUAGE\BORLAND\LIB\CW32.LIB|mbsnbcpy ACBP=A9
 0001:0010FDA0 000000BF C=CODE    S=_TEXT    G=(none)   M=C:\LANGUAGE\BORLAND\LIB\CW32.LIB|mbsnbicm ACBP=A9
 0001:0010FE60 00000058 C=CODE    S=_TEXT    G=(none)   M=C:\LANGUAGE\BORLAND\LIB\CW32.LIB|mbsrchr ACBP=A9
 0001:0010FEB8 000000A6 C=CODE    S=_TEXT    G=(none)   M=C:\LANGUAGE\BORLAND\LIB\CW32.LIB|assert ACBP=A9
 0001:0010FF60 000000BA C=CODE    S=_TEXT    G=(none)   M=C:\LANGUAGE\BORLAND\LIB\CW32.LIB|ermsghlp ACBP=A9
 0001:0011001C 00000006 C=CODE    S=_TEXT    G=(none)   M=C:\LANGUAGE\BORLAND\LIB\CW32.LIB|errno ACBP=A9
 0001:00110024 0000019F C=CODE    S=_TEXT    G=(none)   M=C:\LANGUAGE\BORLAND\LIB\CW32.LIB|errormsg ACBP=A9
 0001:001101C3 00000011 C=CODE    S=_TEXT    G=(none)   M=C:\LANGUAGE\BORLAND\LIB\CW32.LIB|pureerr ACBP=A9
 0001:001101D4 00000236 C=CODE    S=_TEXT    G=(none)   M=C:\LANGUAGE\BORLAND\LIB\CW32.LIB|qsort ACBP=A9
 0001:0011040C 000000A6 C=CODE    S=_TEXT    G=(none)   M=C:\LANGUAGE\BORLAND\LIB\CW32.LIB|abort ACBP=A9
 0001:001104B4 000000A7 C=CODE    S=_TEXT    G=(none)   M=C:\LANGUAGE\BORLAND\LIB\CW32.LIB|exit ACBP=A9
 0001:0011055C 00000067 C=CODE    S=_TEXT    G=(none)   M=C:\LANGUAGE\BORLAND\LIB\CW32.LIB|getenv ACBP=A9
 0001:001105C4 0000001A C=CODE    S=_TEXT    G=(none)   M=C:\LANGUAGE\BORLAND\LIB\CW32.LIB|initwild ACBP=A9
 0001:001105E0 00000011 C=CODE    S=_TEXT    G=(none)   M=C:\LANGUAGE\BORLAND\LIB\CW32.LIB|exparg ACBP=A9
 0001:001105F4 00000011 C=CODE    S=_TEXT    G=(none)   M=C:\LANGUAGE\BORLAND\LIB\CW32.LIB|wexparg ACBP=A9
 0001:00110608 00000027 C=CODE    S=_TEXT    G=(none)   M=C:\LANGUAGE\BORLAND\LIB\CW32.LIB|initargv ACBP=A9
 0001:00110630 0000016C C=CODE    S=_TEXT    G=(none)   M=C:\LANGUAGE\BORLAND\LIB\CW32.LIB|setargv ACBP=A9
 0001:0011079C 00000224 C=CODE    S=_TEXT    G=(none)   M=C:\LANGUAGE\BORLAND\LIB\CW32.LIB|hsargv ACBP=A9
 0001:001109C0 0000026D C=CODE    S=_TEXT    G=(none)   M=C:\LANGUAGE\BORLAND\LIB\CW32.LIB|whsargv ACBP=A9
 0001:00110C30 00000045 C=CODE    S=_TEXT    G=(none)   M=C:\LANGUAGE\BORLAND\LIB\CW32.LIB|setargv0 ACBP=A9
 0001:00110C78 000001A0 C=CODE    S=_TEXT    G=(none)   M=C:\LANGUAGE\BORLAND\LIB\CW32.LIB|setenvp ACBP=A9
 0001:00110E18 000002FA C=CODE    S=_TEXT    G=(none)   M=C:\LANGUAGE\BORLAND\LIB\CW32.LIB|signal ACBP=A9
 0001:00111114 000000A9 C=CODE    S=_TEXT    G=(none)   M=C:\LANGUAGE\BORLAND\LIB\CW32.LIB|setjmp ACBP=A9
 0001:001111C0 00000122 C=CODE    S=_TEXT    G=(none)   M=C:\LANGUAGE\BORLAND\LIB\CW32.LIB|initexit ACBP=A9
 0001:001112E4 0000015C C=CODE    S=_TEXT    G=(none)   M=C:\LANGUAGE\BORLAND\LIB\CW32.LIB|startup ACBP=A9
 0001:00111440 0000004F C=CODE    S=_TEXT    G=(none)   M=C:\LANGUAGE\BORLAND\LIB\CW32.LIB|tlsstat ACBP=A9
 0001:00111490 000001DD C=CODE    S=_TEXT    G=(none)   M=C:\LANGUAGE\BORLAND\LIB\CW32.LIB|gmtime ACBP=A9
 0001:00111670 00000369 C=CODE    S=_TEXT    G=(none)   M=C:\LANGUAGE\BORLAND\LIB\CW32.LIB|timefunc ACBP=A9
 0001:001119DC 00000006 C=CODE    S=_TEXT    G=(none)   M=C:\LANGUAGE\BORLAND\LIB\CW32.LIB|tzdata ACBP=A9
 0001:001119E4 000001EE C=CODE    S=_TEXT    G=(none)   M=C:\LANGUAGE\BORLAND\LIB\CW32.LIB|tzset ACBP=A9
 0001:00111BD4 00000008 C=CODE    S=_TEXT    G=(none)   M=C:\LANGUAGE\BORLAND\LIB\CW32.LIB|_tzset ACBP=A9
 0001:00111BDC 0000004E C=CODE    S=_TEXT    G=(none)   M=C:\LANGUAGE\BORLAND\LIB\CW32.LIB|time ACBP=A9
 0001:00111C2C 00000070 C=CODE    S=_TEXT    G=(none)   M=C:\LANGUAGE\BORLAND\LIB\CW32.LIB|xxa ACBP=A9
 0001:00111C9C 000008B9 C=CODE    S=_TEXT    G=(none)   M=C:\LANGUAGE\BORLAND\LIB\CW32.LIB|xxtype ACBP=A9
 0001:0011251F 0000005A C=CODE    S=_TEXT    G=(none)   M=C:\LANGUAGE\BORLAND\LIB\CW32.LIB|xxut ACBP=A9
 0001:00112548 00000147 C=CODE    S=_TEXT    G=(none)   M=C:\LANGUAGE\BORLAND\LIB\CW32.LIB|xxv ACBP=A9
 0001:00112690 0000000A C=CODE    S=_TEXT    G=(none)   M=C:\LANGUAGE\BORLAND\LIB\CW32.LIB|defhandl ACBP=A9
 0001:0011269C 00000195 C=CODE    S=_TEXT    G=(none)   M=C:\LANGUAGE\BORLAND\LIB\CW32.LIB|except ACBP=A9
 0001:00112834 00000046 C=CODE    S=_TEXT    G=(none)   M=C:\LANGUAGE\BORLAND\LIB\CW32.LIB|setexc ACBP=A9
 0001:0011287C 00000031 C=CODE    S=_TEXT    G=(none)   M=C:\LANGUAGE\BORLAND\LIB\CW32.LIB|ta ACBP=A9
 0001:001128B0 00001F94 C=CODE    S=_TEXT    G=(none)   M=C:\LANGUAGE\BORLAND\LIB\CW32.LIB|xx ACBP=A9
 0002:00000000 00000E80 C=DATA    S=_DATA    G=DGROUP   M=D:\SISTEMAS\CALCULADORA\OBJ\CALCULADORA.OBJ ACBP=A9
 0002:00000E80 000000C8 C=DATA    S=_DATA    G=DGROUP   M=C:\LANGUAGE\BORLAND\LIB\C0W32.OBJ ACBP=A9
 0002:00000F48 00000028 C=DATA    S=_DATA    G=DGROUP   M=C:\LANGUAGE\FWH\LIB\FIVEHC.LIB|RESCHECK ACBP=A9
 0002:00000F70 00000018 C=DATA    S=_DATA    G=DGROUP   M=C:\LANGUAGE\FWH\LIB\FIVEHC.LIB|__WNDPRO ACBP=A9
 0002:00000F88 00000004 C=DATA    S=_DATA    G=DGROUP   M=C:\LANGUAGE\FWH\LIB\FIVEHC.LIB|BMPREAD ACBP=A9
 0002:00000F8C 00000024 C=DATA    S=_DATA    G=DGROUP   M=C:\LANGUAGE\FWH\LIB\FIVEHC.LIB|FFDLGPRC ACBP=A9
 0002:00000FB0 0000000C C=DATA    S=_DATA    G=DGROUP   M=C:\LANGUAGE\FWH\LIB\FIVEHC.LIB|FFWNDRUN ACBP=A9
 0002:00000FBC 0000000C C=DATA    S=_DATA    G=DGROUP   M=C:\LANGUAGE\FWH\LIB\FIVEHC.LIB|HARBOURC ACBP=A9
 0002:00000FC8 00000014 C=DATA    S=_DATA    G=DGROUP   M=C:\LANGUAGE\FWH\LIB\FIVEHC.LIB|TOOLBARS ACBP=A9
 0002:00000FDC 00000014 C=DATA    S=_DATA    G=DGROUP   M=C:\LANGUAGE\FWH\LIB\FIVEHC.LIB|TOOLTIP ACBP=A9
 0002:00000FF0 00000014 C=DATA    S=_DATA    G=DGROUP   M=C:\LANGUAGE\FWH\LIB\FIVEHC.LIB|WNDRUN ACBP=A9
 0002:00001004 0000000C C=DATA    S=_DATA    G=DGROUP   M=C:\LANGUAGE\FWH\LIB\FIVEHC.LIB|DLGBOX ACBP=A9
 0002:00001010 00000294 C=DATA    S=_DATA    G=DGROUP   M=C:\LANGUAGE\FWH\LIB\FIVEHC.LIB|CTLHDLEH ACBP=A9
 0002:000012A4 0000040C C=DATA    S=_DATA    G=DGROUP   M=C:\LANGUAGE\FWH\LIB\FIVEHC.LIB|ACTX ACBP=A9
 0002:000016B0 0000000C C=DATA    S=_DATA    G=DGROUP   M=C:\LANGUAGE\FWH\LIB\FIVEHC.LIB|BARTOOLS ACBP=A9
 0002:000016BC 00006318 C=DATA    S=_DATA    G=DGROUP   M=C:\LANGUAGE\FWH\LIB\FIVEHC.LIB|BITMAPS ACBP=A9
 0002:000079D4 00000010 C=DATA    S=_DATA    G=DGROUP   M=C:\LANGUAGE\FWH\LIB\FIVEHC.LIB|BMPDRAW ACBP=A9
 0002:000079E4 0000371C C=DATA    S=_DATA    G=DGROUP   M=C:\LANGUAGE\FWH\LIB\FIVEHC.LIB|BMPS ACBP=A9
 0002:0000B100 00003820 C=DATA    S=_DATA    G=DGROUP   M=C:\LANGUAGE\FWH\LIB\FIVEHC.LIB|BRUSHES ACBP=A9
 0002:0000E920 00000002 C=DATA    S=_DATA    G=DGROUP   M=C:\LANGUAGE\FWH\LIB\FIVEHC.LIB|CALLDLL ACBP=A9
 0002:0000E924 0000006C C=DATA    S=_DATA    G=DGROUP   M=C:\LANGUAGE\FWH\LIB\FIVEHC.LIB|CALDLL32 ACBP=A9
 0002:0000E990 00000004 C=DATA    S=_DATA    G=DGROUP   M=C:\LANGUAGE\FWH\LIB\FIVEHC.LIB|CLPBRD ACBP=A9
 0002:0000E994 00000011 C=DATA    S=_DATA    G=DGROUP   M=C:\LANGUAGE\FWH\LIB\FIVEHC.LIB|CODEGTF ACBP=A9
 0002:0000E9A8 00000008 C=DATA    S=_DATA    G=DGROUP   M=C:\LANGUAGE\FWH\LIB\FIVEHC.LIB|CREATEPA ACBP=A9
 0002:0000E9B0 00000008 C=DATA    S=_DATA    G=DGROUP   M=C:\LANGUAGE\FWH\LIB\FIVEHC.LIB|CREATESO ACBP=A9
 0002:0000E9B8 00000098 C=DATA    S=_DATA    G=DGROUP   M=C:\LANGUAGE\FWH\LIB\FIVEHC.LIB|CTL3D ACBP=A9
 0002:0000EA50 00000008 C=DATA    S=_DATA    G=DGROUP   M=C:\LANGUAGE\FWH\LIB\FIVEHC.LIB|CTRLDRAW ACBP=A9
 0002:0000EA58 00000004 C=DATA    S=_DATA    G=DGROUP   M=C:\LANGUAGE\FWH\LIB\FIVEHC.LIB|CTRL2CHR ACBP=A9
 0002:0000EA5C 0000065C C=DATA    S=_DATA    G=DGROUP   M=C:\LANGUAGE\FWH\LIB\FIVEHC.LIB|CURSORS ACBP=A9
 0002:0000F0B8 00000040 C=DATA    S=_DATA    G=DGROUP   M=C:\LANGUAGE\FWH\LIB\FIVEHC.LIB|DATEPICK ACBP=A9
 0002:0000F0F8 0000007C C=DATA    S=_DATA    G=DGROUP   M=C:\LANGUAGE\FWH\LIB\FIVEHC.LIB|DEVICE ACBP=A9
 0002:0000F174 00000004 C=DATA    S=_DATA    G=DGROUP   M=C:\LANGUAGE\FWH\LIB\FIVEHC.LIB|DIB ACBP=A9
 0002:0000F178 00000004 C=DATA    S=_DATA    G=DGROUP   M=C:\LANGUAGE\FWH\LIB\FIVEHC.LIB|DLOGBOX ACBP=A9
 0002:0000F17C 00000004 C=DATA    S=_DATA    G=DGROUP   M=C:\LANGUAGE\FWH\LIB\FIVEHC.LIB|DRAWITEM ACBP=A9
 0002:0000F180 00000004 C=DATA    S=_DATA    G=DGROUP   M=C:\LANGUAGE\FWH\LIB\FIVEHC.LIB|DRIVES ACBP=A9
 0002:0000F184 00000024 C=DATA    S=_DATA    G=DGROUP   M=C:\LANGUAGE\FWH\LIB\FIVEHC.LIB|FGETCLIP ACBP=A9
 0002:0000F1A8 00000004 C=DATA    S=_DATA    G=DGROUP   M=C:\LANGUAGE\FWH\LIB\FIVEHC.LIB|FGETLINE ACBP=A9
 0002:0000F1AC 00000018 C=DATA    S=_DATA    G=DGROUP   M=C:\LANGUAGE\FWH\LIB\FIVEHC.LIB|FINDTEXT ACBP=A9
 0002:0000F1C4 00000018 C=DATA    S=_DATA    G=DGROUP   M=C:\LANGUAGE\FWH\LIB\FIVEHC.LIB|FONTS ACBP=A9
 0002:0000F1DC 00000004 C=DATA    S=_DATA    G=DGROUP   M=C:\LANGUAGE\FWH\LIB\FIVEHC.LIB|FTEXT ACBP=A9
 0002:0000F1E0 00000010 C=DATA    S=_DATA    G=DGROUP   M=C:\LANGUAGE\FWH\LIB\FIVEHC.LIB|FWBMP ACBP=A9
 0002:0000F1F0 00000022 C=DATA    S=_DATA    G=DGROUP   M=C:\LANGUAGE\FWH\LIB\FIVEHC.LIB|FWPALCTL ACBP=A9
 0002:0000F214 00000030 C=DATA    S=_DATA    G=DGROUP   M=C:\LANGUAGE\FWH\LIB\FIVEHC.LIB|FWPNG ACBP=A9
 0002:0000F244 00000028 C=DATA    S=_DATA    G=DGROUP   M=C:\LANGUAGE\FWH\LIB\FIVEHC.LIB|GETFILE ACBP=A9
 0002:0000F26C 00000004 C=DATA    S=_DATA    G=DGROUP   M=C:\LANGUAGE\FWH\LIB\FIVEHC.LIB|GETTEXT ACBP=A9
 0002:0000F270 0000000D C=DATA    S=_DATA    G=DGROUP   M=C:\LANGUAGE\FWH\LIB\FIVEHC.LIB|HANDLIST ACBP=A9
 0002:0000F280 00000004 C=DATA    S=_DATA    G=DGROUP   M=C:\LANGUAGE\FWH\LIB\FIVEHC.LIB|HELP ACBP=A9
 0002:0000F284 00000170 C=DATA    S=_DATA    G=DGROUP   M=C:\LANGUAGE\FWH\LIB\FIVEHC.LIB|ICONS ACBP=A9
 0002:0000F3F4 000000A0 C=DATA    S=_DATA    G=DGROUP   M=C:\LANGUAGE\FWH\LIB\FIVEHC.LIB|IMAGELIS ACBP=A9
 0002:0000F494 00000004 C=DATA    S=_DATA    G=DGROUP   M=C:\LANGUAGE\FWH\LIB\FIVEHC.LIB|INSTANCE ACBP=A9
 0002:0000F498 00000004 C=DATA    S=_DATA    G=DGROUP   M=C:\LANGUAGE\FWH\LIB\FIVEHC.LIB|LBX ACBP=A9
 0002:0000F49C 00000008 C=DATA    S=_DATA    G=DGROUP   M=C:\LANGUAGE\FWH\LIB\FIVEHC.LIB|LOADBMP ACBP=A9
 0002:0000F4A4 000000CC C=DATA    S=_DATA    G=DGROUP   M=C:\LANGUAGE\FWH\LIB\FIVEHC.LIB|MAPI ACBP=A9
 0002:0000F570 000000EC C=DATA    S=_DATA    G=DGROUP   M=C:\LANGUAGE\FWH\LIB\FIVEHC.LIB|METAFI32 ACBP=A9
 0002:0000F65C 00000008 C=DATA    S=_DATA    G=DGROUP   M=C:\LANGUAGE\FWH\LIB\FIVEHC.LIB|MGETCREA ACBP=A9
 0002:0000F664 000000C0 C=DATA    S=_DATA    G=DGROUP   M=C:\LANGUAGE\FWH\LIB\FIVEHC.LIB|MSGS ACBP=A9
 0002:0000F724 00000004 C=DATA    S=_DATA    G=DGROUP   M=C:\LANGUAGE\FWH\LIB\FIVEHC.LIB|MSGTOOLS ACBP=A9
 0002:0000F728 00000004 C=DATA    S=_DATA    G=DGROUP   M=C:\LANGUAGE\FWH\LIB\FIVEHC.LIB|OEMANSI ACBP=A9
 0002:0000F72C 00000854 C=DATA    S=_DATA    G=DGROUP   M=C:\LANGUAGE\FWH\LIB\FIVEHC.LIB|ONOFFBMP ACBP=A9
 0002:0000FF80 00000004 C=DATA    S=_DATA    G=DGROUP   M=C:\LANGUAGE\FWH\LIB\FIVEHC.LIB|OR ACBP=A9
 0002:0000FF84 00000018 C=DATA    S=_DATA    G=DGROUP   M=C:\LANGUAGE\FWH\LIB\FIVEHC.LIB|PRINTDC ACBP=A9
 0002:0000FF9C 00000004 C=DATA    S=_DATA    G=DGROUP   M=C:\LANGUAGE\FWH\LIB\FIVEHC.LIB|PROFILE ACBP=A9
 0002:0000FFA0 00000010 C=DATA    S=_DATA    G=DGROUP   M=C:\LANGUAGE\FWH\LIB\FIVEHC.LIB|RECTS ACBP=A9
 0002:0000FFB0 00000024 C=DATA    S=_DATA    G=DGROUP   M=C:\LANGUAGE\FWH\LIB\FIVEHC.LIB|REGIONS ACBP=A9
 0002:0000FFD4 00000008 C=DATA    S=_DATA    G=DGROUP   M=C:\LANGUAGE\FWH\LIB\FIVEHC.LIB|RESOURCE ACBP=A9
 0002:0000FFDC 000001E0 C=DATA    S=_DATA    G=DGROUP   M=C:\LANGUAGE\FWH\LIB\FIVEHC.LIB|RIBBON ACBP=A9
 0002:000101BC 000001F8 C=DATA    S=_DATA    G=DGROUP   M=C:\LANGUAGE\FWH\LIB\FIVEHC.LIB|RICHEDIT ACBP=A9
 0002:000103B4 00000018 C=DATA    S=_DATA    G=DGROUP   M=C:\LANGUAGE\FWH\LIB\FIVEHC.LIB|SCROLL ACBP=A9
 0002:000103CC 00000004 C=DATA    S=_DATA    G=DGROUP   M=C:\LANGUAGE\FWH\LIB\FIVEHC.LIB|SETTEXT ACBP=A9
 0002:000103D0 000001A4 C=DATA    S=_DATA    G=DGROUP   M=C:\LANGUAGE\FWH\LIB\FIVEHC.LIB|THEMES ACBP=A9
 0002:00010574 00000010 C=DATA    S=_DATA    G=DGROUP   M=C:\LANGUAGE\FWH\LIB\FIVEHC.LIB|TIMEPICK ACBP=A9
 0002:00010584 00000008 C=DATA    S=_DATA    G=DGROUP   M=C:\LANGUAGE\FWH\LIB\FIVEHC.LIB|WINDOWS ACBP=A9
 0002:0001058C 00000018 C=DATA    S=_DATA    G=DGROUP   M=C:\LANGUAGE\FWH\LIB\FIVEHC.LIB|WMOUSE ACBP=A9
 0002:000105A4 00000018 C=DATA    S=_DATA    G=DGROUP   M=C:\LANGUAGE\FWH\LIB\FIVEHC.LIB|WNDIS ACBP=A9
 0002:000105BC 00000048 C=DATA    S=_DATA    G=DGROUP   M=C:\LANGUAGE\FWH\LIB\FIVEHC.LIB|WNDMOVE ACBP=A9
 0002:00010604 00000018 C=DATA    S=_DATA    G=DGROUP   M=C:\LANGUAGE\FWH\LIB\FIVEHC.LIB|WNDPRINT ACBP=A9
 0002:0001061C 000004F8 C=DATA    S=_DATA    G=DGROUP   M=C:\LANGUAGE\FWH\LIB\FIVEHC.LIB|XBROWSEC ACBP=A9
 0002:00010B14 00001000 C=DATA    S=_DATA    G=DGROUP   M=C:\LANGUAGE\FWH\LIB\FIVEHX.LIB|ACTIVEX ACBP=A9
 0002:00011B14 00005440 C=DATA    S=_DATA    G=DGROUP   M=C:\LANGUAGE\FWH\LIB\FIVEHX.LIB|ADOFUNCS ACBP=A9
 0002:00016F54 00000BBC C=DATA    S=_DATA    G=DGROUP   M=C:\LANGUAGE\FWH\LIB\FIVEHX.LIB|ALERT ACBP=A9
 0002:00017B10 000044B0 C=DATA    S=_DATA    G=DGROUP   M=C:\LANGUAGE\FWH\LIB\FIVEHX.LIB|BAR ACBP=A9
 0002:0001BFC0 00003FB4 C=DATA    S=_DATA    G=DGROUP   M=C:\LANGUAGE\FWH\LIB\FIVEHX.LIB|BITMAP ACBP=A9
 0002:0001FF74 00002940 C=DATA    S=_DATA    G=DGROUP   M=C:\LANGUAGE\FWH\LIB\FIVEHX.LIB|BRUSH ACBP=A9
 0002:000228B4 00006364 C=DATA    S=_DATA    G=DGROUP   M=C:\LANGUAGE\FWH\LIB\FIVEHX.LIB|BTNBMP ACBP=A9
 0002:00028C18 00001894 C=DATA    S=_DATA    G=DGROUP   M=C:\LANGUAGE\FWH\LIB\FIVEHX.LIB|BUTTON ACBP=A9
 0002:0002A4AC 000013AC C=DATA    S=_DATA    G=DGROUP   M=C:\LANGUAGE\FWH\LIB\FIVEHX.LIB|BUTTONB ACBP=A9
 0002:0002B858 000019F0 C=DATA    S=_DATA    G=DGROUP   M=C:\LANGUAGE\FWH\LIB\FIVEHX.LIB|CHECKBOX ACBP=A9
 0002:0002D248 00000A5C C=DATA    S=_DATA    G=DGROUP   M=C:\LANGUAGE\FWH\LIB\FIVEHX.LIB|CLIPBRD ACBP=A9
 0002:0002DCA4 00003974 C=DATA    S=_DATA    G=DGROUP   M=C:\LANGUAGE\FWH\LIB\FIVEHX.LIB|COMBOBOX ACBP=A9
 0002:00031618 000061A8 C=DATA    S=_DATA    G=DGROUP   M=C:\LANGUAGE\FWH\LIB\FIVEHX.LIB|CONTROL ACBP=A9
 0002:000377C0 00000930 C=DATA    S=_DATA    G=DGROUP   M=C:\LANGUAGE\FWH\LIB\FIVEHX.LIB|CURSOR ACBP=A9
 0002:000380F0 0000639C C=DATA    S=_DATA    G=DGROUP   M=C:\LANGUAGE\FWH\LIB\FIVEHX.LIB|DATABASE ACBP=A9
 0002:0003E48C 00004FD8 C=DATA    S=_DATA    G=DGROUP   M=C:\LANGUAGE\FWH\LIB\FIVEHX.LIB|DATAROW ACBP=A9
 0002:00043464 000003E8 C=DATA    S=_DATA    G=DGROUP   M=C:\LANGUAGE\FWH\LIB\FIVEHX.LIB|DBTOOLS ACBP=A9
 0002:0004384C 00000A9C C=DATA    S=_DATA    G=DGROUP   M=C:\LANGUAGE\FWH\LIB\FIVEHX.LIB|DDE ACBP=A9
[...]
 0002:00133C14  std::numpunct<char>::id
 0002:00133C18  __vdflg__ std::numpunct<char>::id
 0002:00133C1C  __thrwl__ std::bad_alloc::bad_alloc()
 0002:00133C20  __odtbl__ std::bad_alloc::bad_alloc()
 0002:00133C30  __ectbl__ std::bad_alloc::bad_alloc()
 0002:00133C48  __ectbl__ std::bad_alloc::bad_alloc(std::bad_alloc&)
 0002:00133C54  __thrwl__ std::bad_alloc::~bad_alloc()
 0002:00133C58  __ectbl__ std::bad_alloc::~bad_alloc()
 0002:00133C64  @std@bad_alloc@3
 0002:00133C78  @std@locale@_Locimp@3
 0002:00133C88  __thrwl__ std::bad_alloc::what() const
 0002:00133C8C  __ectbl__ std::bad_alloc::what() const
 0002:00133C98  D2550_1
 0002:00133D30  __odtbl__ std::_Fac_tidy()
 0002:00133D60  __ectbl__ std::_Fac_tidy()
 0002:00133DA8  __odtbl__ std::_Deletegloballocale(void *)
 0002:00133DB8  __ectbl__ std::_Deletegloballocale(void *)
 0002:00133DE8  __ectbl__ std::_Setgloballocale(void *)
 0002:00133E00  std::locale::_Locimp::_Clocptr
 0002:00133E04  std::locale::id::_Id_cnt
 0002:00133E08  std::ctype<char>::id
 0002:00133E0C  __vdflg__ std::ctype<char>::id
 0002:00133E10  std::ctype<wchar_t>::id
 0002:00133E14  __vdflg__ std::ctype<wchar_t>::id
 0002:00133E18  std::codecvt<wchar_t, char, int>::id
 0002:00133E1C  __vdflg__ std::codecvt<wchar_t, char, int>::id
 0002:00133E20  std::codecvt<char16_t, char, int>::id
 0002:00133E24  __vdflg__ std::codecvt<char16_t, char, int>::id
 0002:00133E28  std::codecvt<char32_t, char, int>::id
 0002:00133E2C  __vdflg__ std::codecvt<char32_t, char, int>::id
 0002:00133E30  std::ctype<char>::table_size
 0002:00133E34  __thrwl__ std::locale::locale()
 0002:00133E38  __odtbl__ std::locale::locale()
 0002:00133E48  __ectbl__ std::locale::locale()
 0002:00133E6C  __odtbl__ std::locale::_Init()
 0002:00133EAC  __ectbl__ std::locale::_Init()
 0002:00133F18  __odtbl__ std::locale::facet::_Register()
 0002:00133F28  __ectbl__ std::locale::facet::_Register()
 0002:00133F58  __odtbl__ std::locale::_Locimp::_Locimp(bool)
 0002:00133F68  __ectbl__ std::locale::_Locimp::_Locimp(bool)
 0002:00133F8C  __odtbl__ std::locale::_Locimp::~_Locimp()
 0002:00133FC8  __ectbl__ std::locale::_Locimp::~_Locimp()
 0002:00134010  __odtbl__ std::_Locinfo::_Locinfo(std::basic_string<char, std::char_traits<char>, std::allocator<char> >&)
 0002:00134020  __ectbl__ std::_Locinfo::_Locinfo(std::basic_string<char, std::char_traits<char>, std::allocator<char> >&)
 0002:00134044  __odtbl__ std::_Locinfo::~_Locinfo()
 0002:00134070  __ectbl__ std::_Locinfo::~_Locinfo()
 0002:00134094  __odtbl__ std::_Fac_node::~_Fac_node()
 0002:001340A4  __ectbl__ std::_Fac_node::~_Fac_node()
 0002:001340D4  __odtbl__ std::_Fac_deletable::~_Fac_deletable()
 0002:001340E4  __ectbl__ std::_Fac_deletable::~_Fac_deletable()
 0002:001340FC  @std@_Fac_deletable@3
 0002:0013410C  std::_New_hand
 0002:0013410C  D2552_1
 0002:00134110  D2554_1
 0002:00134134  D2558_1
 0002:00134224  D2563_1
 0002:00134250  __odtbl__ std::_String_base::_Xlen() const
 0002:0013427C  __ectbl__ std::_String_base::_Xlen() const
 0002:001342A0  __odtbl__ std::_String_base::_Xran() const
 0002:001342CC  __ectbl__ std::_String_base::_Xran() const
 0002:001342F0  D2570_1
 0002:00134388  std::_Winit::_Init_cnt
 0002:0013438C  __odtbl__ std::_Winit::_Winit()
 0002:0013467C  __ectbl__ std::_Winit::_Winit()
 0002:001349C4  __odtbl__ std::_Winit::~_Winit()
 0002:001349E4  __ectbl__ std::_Winit::~_Winit()
 0002:00134A08  __odtbl__ std::basic_ios<wchar_t, std::char_traits<wchar_t> >::~basic_ios<wchar_t, std::char_traits<wchar_t> >()
 0002:00134A18  __ectbl__ std::basic_ios<wchar_t, std::char_traits<wchar_t> >::~basic_ios<wchar_t, std::char_traits<wchar_t> >()
 0002:00134A30  __odtbl__ std::basic_filebuf<wchar_t, std::char_traits<wchar_t> >::_Endwrite()
 0002:00134A50  __ectbl__ std::basic_filebuf<wchar_t, std::char_traits<wchar_t> >::_Endwrite()
 0002:00134A74  __odtbl__ std::basic_ostream<wchar_t, std::char_traits<wchar_t> >::~basic_ostream<wchar_t, std::char_traits<wchar_t> >()
 0002:00134A84  __ectbl__ std::basic_ostream<wchar_t, std::char_traits<wchar_t> >::~basic_ostream<wchar_t, std::char_traits<wchar_t> >()
 0002:00134A9C  __odtbl__ std::basic_istream<wchar_t, std::char_traits<wchar_t> >::~basic_istream<wchar_t, std::char_traits<wchar_t> >()
 0002:00134AAC  __ectbl__ std::basic_istream<wchar_t, std::char_traits<wchar_t> >::~basic_istream<wchar_t, std::char_traits<wchar_t> >()
 0002:00134AC4  __odtbl__ std::basic_filebuf<wchar_t, std::char_traits<wchar_t> >::~basic_filebuf<wchar_t, std::char_traits<wchar_t> >()
 0002:00134AD4  __ectbl__ std::basic_filebuf<wchar_t, std::char_traits<wchar_t> >::~basic_filebuf<wchar_t, std::char_traits<wchar_t> >()
 0002:00134AEC  @std@%basic_ostream$b19std@%char_traits$b%%@3
 0002:00134B08  @std@%basic_ios$b19std@%char_traits$b%%@3
 0002:00134B18  @std@%basic_istream$b19std@%char_traits$b%%@3
 0002:00134B34  @std@%basic_streambuf$b19std@%char_traits$b%%@3
 0002:00134B7C  @std@%basic_filebuf$b19std@%char_traits$b%%@3
 0002:00134BC4  __ectbl__ std::basic_streambuf<wchar_t, std::char_traits<wchar_t> >::~basic_streambuf<wchar_t, std::char_traits<wchar_t> >()
 0002:00134BD0  __odtbl__ std::basic_filebuf<wchar_t, std::char_traits<wchar_t> >::overflow(wchar_t)
 0002:00134BF0  __ectbl__ std::basic_filebuf<wchar_t, std::char_traits<wchar_t> >::overflow(wchar_t)
 0002:00134C14  __odtbl__ std::basic_filebuf<wchar_t, std::char_traits<wchar_t> >::uflow()
 0002:00134C34  __ectbl__ std::basic_filebuf<wchar_t, std::char_traits<wchar_t> >::uflow()
 0002:00134C58  __odtbl__ std::basic_filebuf<wchar_t, std::char_traits<wchar_t> >::imbue(std::locale&)
 0002:00134CD0  __ectbl__ std::basic_filebuf<wchar_t, std::char_traits<wchar_t> >::imbue(std::locale&)
 0002:00134D3C  @std@%codecvt$bci%@3
 0002:00134D68  std::_Facetptr<std::codecvt<wchar_t, char, int> >::_Psave
 0002:00134D6C  __odtbl__ std::codecvt<wchar_t, char, int>::~codecvt<wchar_t, char, int>()
 0002:00134D7C  __ectbl__ std::codecvt<wchar_t, char, int>::~codecvt<wchar_t, char, int>()
 0002:00134D94  __thrwl__ std::codecvt<wchar_t, char, int>::do_always_noconv() const
 0002:00134D98  __ectbl__ std::codecvt<wchar_t, char, int>::do_always_noconv() const
 0002:00134DA4  __thrwl__ std::codecvt<wchar_t, char, int>::do_max_length() const
 0002:00134DA8  __ectbl__ std::codecvt<wchar_t, char, int>::do_max_length() const
 0002:00134DB4  __thrwl__ std::codecvt<wchar_t, char, int>::do_encoding() const
 0002:00134DB8  __ectbl__ std::codecvt<wchar_t, char, int>::do_encoding() const
 0002:00134DC4  D2578_1
 0002:00134FC4  D2582_1
 0002:00135028  D2724_1
 0002:00135138  D2736_1
 0002:0013513C  __heap_redirector
 0002:0013515C  D2750_0
 0002:0013515C  __stkchk
 0002:00135160  D2770_1
 0002:00135160  __FastMM_IsMultiThread
 0002:00135161  __FastMM_ReportMemoryLeaksOnShutdown
 0002:00135162  __FastMM_NeverSleepOnMMThreadContention
 0002:00135194  __FastMM_MemoryManager
 0002:001351AC  __FastMM_SmallBlockTypes
 0002:0013588C  __FastMM_MediumBlocksLocked
 0002:00135914  D2880_1
 0002:00135928  D3040_1
 0002:00135934  __cfinfo_get
 0002:00135934  D3060_1
 0002:00135938  D3092_1
 0002:00135938  __notUmask
 0002:0013593C  D3112_0
 0002:0013593C  __fileinfo
 0002:00135940  D3170_0
 0002:00135940  __streams
 0002:00135DF0  D3172_0
 0002:00135DF0  __nfile
 0002:00135DF4  __openfd
 0002:00135EBC  D3180_0
 0002:00135EBC  __fmode
 0002:00135EC0  __fmodeptr
 0002:00135EC0  D3182_1
 0002:00135EC4  D3262_1
 0002:00135EC4  __dosErrorToSV
 0002:00135FF0  D3281_1
 0002:00135FFC  D3287_1
 0002:00135FFC  __sys_errlist
 0002:001360C4  __sys_nerr
 0002:00136490  D3416_1
 0002:00136508  __chartype
 0002:00136508  D3574_0
 0002:0013670C  __localeconvention
 0002:0013670C  D3576_1
 0002:0013673C  ___force
 0002:0013674C  D3578_1
 0002:0013679C  __lower
 0002:0013679C  D3580_0
 0002:0013689C  __upper
 0002:0013689C  D3584_0
 0002:0013699C  D3600_1
 0002:0013699C  ___mb_cur_max
 0002:001369A0  ___localeLock
 0002:00136AB4  D3602_0
 0002:00136AB4  _CMonetary
 0002:00136AE8  _CNumeric
 0002:00136AFE  _CTimeDate
 0002:00136BC0  _CLOCALE
 0002:00136BEC  ___locale
 0002:00136D10  D3604_1
 0002:00136D9C  D3730_1
 0002:00136DAC  D3736_1
 0002:00136DAC  _e0to7
 0002:00136DFC  _e8
 0002:00136E08  _e16
 0002:00136E12  _e32
 0002:00136E1C  _e64
 0002:00136E26  _e128
 0002:00136E30  _e256
 0002:00136E3A  _e512
 0002:00136E44  _e1024
 0002:00136E4E  _e2048
 0002:00136E58  _e4096
 0002:00136E62  _eINF
 0002:00136E6C  D3773_1
 0002:00136E78  D3791_1
 0002:00136E78  __realcvtptr
 0002:00136E7C  __nextrealptr
 0002:00136E80  __scantodptr
 0002:00136E84  __scanrsltptr
 0002:00136EE0  __realcvtwptr
 0002:00136EE0  D3793_1
 0002:00136EE4  __nextrealwptr
 0002:00136EE8  __scanwtodptr
 0002:00136EEC  __scanwrsltptr
 0002:00136F48  __default87
 0002:00136F48  D3795_0
 0002:00136F4C  D3801_1
 0002:00136F58  D3809_1
 0002:00136F6C  D3811_1
 0002:00136F84  __huge_flt
 0002:00136F84  D3849_0
 0002:00136F88  __huge_dble
 0002:00136F90  __huge_ldble
 0002:00136F9A  __max_flt
 0002:00136F9E  __max_dble
 0002:00136FA6  __max_ldble
 0002:00136FB0  __indefinite
 0002:00136FB4  __tiny_ldble
 0002:00136FC0  ___ieee_64_p_inf
 0002:00136FC8  ___ieee_64_n_inf
 0002:00136FD0  ___ieee_64_p_nanq
 0002:00136FD8  ___ieee_64_n_nanq
 0002:00136FE0  ___ieee_64_p_nans
 0002:00136FE8  ___ieee_64_n_nans
 0002:00136FF0  ___ieee_64_p_zero
 0002:00136FF8  ___ieee_64_n_zero
 0002:00137000  D3859_0
 0002:00137000  __turboFloat
 0002:00137004  __floatconvert
 0002:00137008  D3877_1
 0002:00137014  D3879_1
 0002:00137024  __pmatherr
 0002:00137024  D3901_1
 0002:00137028  __pmatherrl
 0002:0013702C  __mathwhy
 0002:0013702C  D3905_0
 0002:00137070  D3915_1
 0002:0013708C  D3927_1
 0002:00137094  D3929_1
 0002:001370A8  D3931_1
 0002:001370D0  D3938_1
 0002:001370F8  D3940_1
 0002:00137120  D3942_1
 0002:0013712C  D3950_1
 0002:0013713C  D4008_1
 0002:0013713C  __kalpha
 0002:0013713E  __kpunct
 0002:00137184  D4148_1
 0002:001371A8  D4166_1
 0002:001371CC  _errno
 0002:001371CC  D4168_1
 0002:001371D0  D4170_1
 0002:001371D0  __messagefunc
 0002:001371D4  __messagefile
 0002:001371E0  D4180_1
 0002:00137200  D4201_1
 0002:0013723C  D4203_0
 0002:0013723C  ___pCallAtExitProcs
 0002:00137240  __exitbuf
 0002:00137240  D4239_1
 0002:00137244  __exitfopen
 0002:00137248  __exitopen
 0002:0013724C  D4261_0
 0002:0013724C  __setargv_ptr
 0002:00137250  __exitargv_ptr
 0002:00137254  __wsetargv_ptr
 0002:00137254  D4263_0
 0002:00137258  __wexitargv_ptr
 0002:0013725C  __setargv__
 0002:0013725C  D4265_1
 0002:001372B0  D4267_1
 0002:001372B0  __cmdline_escapes
 0002:001372D8  D4269_1
 0002:001372FC  __argv_expand_ptr
 0002:001372FC  D4322_0
 0002:00137300  D4324_0
 0002:00137300  __wargv_expand_ptr
 0002:00137304  __argv0
 0002:00137304  D4326_1
 0002:00137324  D4338_1
 0002:00137324  __setenvp__
 0002:00137378  D4352_1
 0002:001373D8  D4364_0
 0002:001373D8  __isWindows
 0002:001373DC  D4365_1
 0002:001373E0  __SWeekday
 0002:001373E0  D4405_0
 0002:001373FC  __LWeekday
 0002:00137418  __SMonth
 0002:00137448  __LMonth
 0002:00137478  __AmPm
 0002:00137480  __Days
 0002:0013748C  __YDays
 0002:001375A4  D4409_1
 0002:001375A4  __PREFER_END_STANDARD_TIME
 0002:001375A5  __PREFER_START_DAYLIGHT_TIME
 0002:001375AC  D4411_1
 0002:001375AC  __timezone
 0002:001375B0  __daylight
 0002:001375B4  D4413_1
 0002:001375B4  __tzname
 0002:001375C8  D4446_0
 0002:001375C8  ___xxPersonality
 0002:001375CC  D4448_1
 0002:00137908  __thrwl__ std::bad_typeid::~bad_typeid()
 0002:0013790C  __ectbl__ std::bad_typeid::~bad_typeid()
 0002:00137918  @std@bad_typeid@3
 0002:0013792C  ___terminatePTR
 0002:0013792C  D4450_1
 0002:00137930  ___unexpectdPTR
 0002:00137934  ___CPPexceptionList
 0002:00137934  D4452_1
 0002:00137938  ___exceptFlags
 0002:0013793C  ___throwFileName
 0002:00137940  ___throwLineNumber
 0002:00137944  ___throwExceptionName
 0002:00137948  ___exceptStaticBuffP
 0002:0013794C  ___exceptMemAllocVars
 0002:00137950  ___ExceptStaticXbuff
 0002:001379D0  __ExceptVarsSize
 0002:001379E4  __chtbl__ __call_terminate()
 0002:00137A04  __ectbl__ __call_terminate()
 0002:00137A1C  D4458_1
 0002:00137A2C  D4491_1
 0002:00137A2C  ___debuggerDisableTerminateCallback
 0002:00138360  __odtbl__ ___ExceptionHandler(_EXCEPTION_RECORD *, ERRbc *, _CONTEXT *, void *, unsigned long, unsigned long, unsigned long, unsigned long, unsigned long, unsigned long)
 0002:00138370  __ectbl__ ___ExceptionHandler(_EXCEPTION_RECORD *, ERRbc *, _CONTEXT *, void *, unsigned long, unsigned long, unsigned long, unsigned long, unsigned long, unsigned long)
 0002:00138394  __thrwl__ std::bad_exception::bad_exception()
 0002:00138398  __odtbl__ std::bad_exception::bad_exception()
 0002:001383A8  __ectbl__ std::bad_exception::bad_exception()
 0002:001383C0  __thrwl__ std::bad_exception::~bad_exception()
 0002:001383C4  __odtbl__ std::bad_exception::~bad_exception()
 0002:001383D4  __ectbl__ std::bad_exception::~bad_exception()
 0002:001383EC  __ectbl__ std::bad_exception::bad_exception(std::bad_exception&)
 0002:001383F8  @std@bad_exception@3
 0002:0013840C  D4649_0
 0002:0013840C  _GUID_NULL
 0002:0013841C  _IID_IUnknown
 0002:0013842C  _IID_IRichEditOleCallback
 0002:0013843C  _IID_IEnumVARIANT
 0002:0013844C  _IID_IDispatch
 0002:0013845C  _IID_IDataObject
 0002:0013846C  _IID_IPersistStreamInit
 0002:0013847C  _IID_IOleControlSite
 0002:0013848C  _IID_IProvideClassInfo2
 0002:0013849C  _IID_IProvideClassInfo
 0002:001384AC  _IID_IClassFactory2
 0002:001384BC  _IID_IConnectionPointContainer
 0002:001384CC  _IID_IOleInPlaceSite
 0002:001384DC  _IID_IOleInPlaceObject
 0002:001384EC  _IID_IOleInPlaceFrame
 0002:001384FC  _IID_IOleInPlaceUIWindow
 0002:0013850C  _IID_IOleWindow
 0002:0013851C  _IID_IOleObject
 0002:0013852C  _IID_IOleClientSite
 0003:00000000  B1_2
 0003:00000018  B106_2
 0003:00000024  B128_2
 0003:00001794  B130_2
 0003:00001924  B136_2
 0003:00001A30  B172_2
 0003:00001A8C  B178_2
 0003:00001AE4  B276_2
 0003:00001B8C  B298_2
 0003:00001B90  B314_2
 0003:00001C30  B350_1
 0003:00001CA8  B372_2
 0003:00001DE8  B394_2
 0003:00001DF0  B404_2
 0003:00001E34  B426_2
 0003:00001E4C  _fnIsWow64Process
 0003:00001E4C  B484_2
 0003:00001E50  B506_2
 0003:00001E68  B510_2
 0003:00001E80  B512_2
 0003:00001E98  B514_2
 0003:00001EB0  B518_2
 0003:00001EC8  B524_2
 0003:00001EE0  B528_2
 0003:00001EF8  B532_2
 0003:00001F10  B534_2
 0003:00001F28  B536_2
 0003:00001F40  B544_2
 0003:00001F58  B548_2
 0003:00001F70  B552_2
 0003:00001F88  B554_2
 0003:00001FA0  B556_2
 0003:00001FB8  B558_2
 0003:00001FD0  B574_2
 0003:00001FE8  B576_2
 0003:00002000  B580_2
 0003:00002018  B582_2
 0003:00002030  B592_2
 0003:00002048  B596_2
 0003:00002060  B598_2
 0003:00002078  B600_2
 0003:00002090  B606_2
 0003:000020A8  B610_2
 0003:000020C0  B612_2
 0003:000020D8  B618_2
 0003:000020F0  B620_2
 0003:00002108  B622_2
 0003:00002120  B624_2
 0003:00002138  B626_2
 0003:00002150  _pHTMLHELP
 0003:00002154  B628_2
 0003:0000216C  B630_2
 0003:00002184  B636_2
 0003:0000219C  B638_2
 0003:000021B4  B642_2
 0003:000021CC  B650_2
 0003:000021E4  B654_2
 0003:000021FC  B656_2
 0003:00002214  B658_2
 0003:0000222C  B662_2
 0003:00002244  B666_2
 0003:0000225C  B668_2
 0003:00002274  B674_2
 0003:0000228C  B680_2
 0003:000022A4  B692_2
 0003:000022BC  B702_2
 0003:000022D4  B706_2
 0003:000022EC  B714_2
 0003:00002304  B716_2
 0003:0000231C  B718_2
 0003:00002334  B720_2
 0003:0000234C  B722_2
 0003:00002364  _fp
 0003:00002368  _nDocLen
 0003:0000236C  B724_2
 0003:00002384  B726_2
 0003:0000239C  B730_2
 0003:000023B4  B732_2
 0003:000023CC  B734_2
 0003:000023E4  B736_2
 0003:000023FC  B738_2
 0003:00002414  B740_2
 0003:0000242C  B742_2
 0003:00002444  B744_2
 0003:0000245C  B746_2
 0003:00002474  B750_2
 0003:0000248C  B752_2
 0003:000024A4  B754_2
 0003:000024BC  B766_2
 0003:000024D8  B776_2
 0003:000024F0  B778_2
 0003:00002508  B784_2
 0003:00002520  B796_2
 0003:00002538  B820_2
 0003:00002550  B850_2
 0003:00002568  B860_2
 0003:00002580  B866_2
 0003:00002598  B870_2
 0003:000025B0  B880_2
 0003:000025C8  B884_2
 0003:000025E0  B886_2
 0003:000025F8  B894_2
 0003:00002610  B922_2
 0003:00002628  B924_2
 0003:00002640  B928_2
 0003:00002658  B934_2
 0003:00002670  B940_2
 0003:00002688  B946_2
 0003:000026A0  B968_2
 0003:000026B8  B970_2
 0003:000026D0  B976_2
 0003:000026E8  B980_2
 0003:00002700  B982_2
 0003:00002718  B986_2
 0003:00002730  B988_2
 0003:00002748  B992_2
 0003:00002760  __iob
 0003:000027A8  B1016_2
 0003:000027AC  B1032_2
 0003:000027C4  B1044_2
 0003:00002844  B1052_2
 0003:00002A5C  B1076_1
 0003:00002A64  B1114_2
 0003:00002B70  B1148_2
 0003:00002D70  B1229_1
 0003:00002D74  B1289_2
 0003:00002D78  B1308_2
 0003:00002D90  B1314_2
 0003:00002DA8  B1330_2
 0003:00002DC0  B1348_2
 0003:00002DD8  B1354_2
 0003:00002DF0  B1388_2
 0003:00002E08  B1392_2
 0003:00002E20  B1402_2
 0003:00002E38  B1406_2
 0003:00002E50  B1414_2
 0003:00002E68  B1428_2
 0003:00002E80  B1432_2
 0003:00002ED0  B1490_2
 0003:00002ED4  B1492_2
 0003:00002ED4  _hb_stackST
 0003:000045B8  B1498_2
 0003:000045D0  B1500_2
 0003:000047C0  B1506_2
 0003:000047F8  B1524_2
 0003:00004A0C  B1534_2
 0003:00004B9C  B1548_2
 0003:00004BB4  B1562_2
 0003:00004EB4  B1682_2
 0003:00004F08  B1690_2
 0003:00004FD0  _yyleng
 0003:00004FDC  _yyin
 0003:000099E8  B1716_2
 0003:00009B90  B1762_2
 0003:00009BA8  B1766_2
 0003:00009BC0  B1770_2
 0003:00009D6C  B1772_2
 0003:00009F14  std::_Ios_init
 0003:00009F14  B2544_2
 0003:00009F1C  std::_Wios_init
 0003:00009FD4  std::cin
 0003:0000A024  std::cout
 0003:0000A0C4  std::cerr
 0003:0000A10C  std::clog
 0003:0000A158  B2548_2
 0003:0000A160  B2550_2
 0003:0000A170  B2558_2
 0003:0000A174  B2570_2
 0003:0000A27C  std::wcin
 0003:0000A2CC  std::wcout
 0003:0000A314  std::wcerr
 0003:0000A35C  std::wclog
 0003:0000A3A8  B2582_2
 0003:0000A3B0  __bormm_pfn_FreeMem
 0003:0000A3B0  B2724_2
 0003:0000A3B4  __bormm_pfn_GetMem
 0003:0000A3B8  __bormm_pfn_AllocMem
 0003:0000A3BC  __bormm_pfn_ReallocMem
 0003:0000A3C0  __bormm_pfn_HeapAddRef
 0003:0000A3C4  __bormm_pfn_HeapRelease
 0003:0000A3CC  __borlndmm_GetMem
 0003:0000A3D0  B2770_2
 0003:0000A3E1  __FastMM_AllocSize2SmallBlockTypeIndX4
 0003:0000A528  __FastMM_LastSequentiallyFedMediumBlock
 0003:0000A52C  __FastMM_MediumSequentialFeedBytesLeft
 0003:0000A530  __FastMM_MediumBlockBinGroupBitmap
 0003:0000A534  __FastMM_MediumBlockBinBitmaps
 0003:0000A5B4  __FastMM_MediumBlockBins
 0003:0000C5CC  B2880_2
 0003:0000C670  __pidtab
 0003:0000C670  B3172_1
 0003:0000C738  __handles
 0003:0000C800  __doserrno
 0003:0000C800  B3262_2
 0003:0000C804  B3266_1
 0003:0000C808  B3268_1
 0003:0000C80C  B3281_2
 0003:0000C80C  __tmpnum
 0003:0000C81C  __mbctype
 0003:0000C81C  B4008_2
 0003:0000C920  __mbcsCodePage
 0003:0000C924  B4148_2
 0003:0000CA24  B4166_2
 0003:0000CA40  B4182_1
 0003:0000CA48  __argv
 0003:0000CA48  B4265_2
 0003:0000CA54  B4267_2
 0003:0000CA58  B4269_2
 0003:0000CA5C  B4338_2
 0003:0000CA5C  __environ
 0003:0000CA64  __envsize
 0003:0000CA68  __env_lock
 0003:0000CA6C  __C0argc
 0003:0000CA6C  B4364_1
 0003:0000CA70  __C0argv
 0003:0000CA74  __C0environ
 0003:0000CA78  __oscmd
 0003:0000CA7C  __osenv
 0003:0000CA80  __argc
 0003:0000CA84  __dll_table
 0003:0000CA8C  __ExcRegPtr
 0003:0000CA90  __wosenv
 0003:0000CA94  __woscmd
 0003:0000CA98  __wC0argv
 0003:0000CA9C  __wC0environ
 0003:0000CAA0  __exe_table
 0003:0000CAA8  __stkbase
 0003:0000CAAC  B4397_1
 0003:0000CAD0  B4413_2
 0003:0000CAD8  B4448_2
 0003:0000CEE0  B4452_2
 0003:0000CEE0  __DestructorCountPtr
 0003:0000CEE8  B4458_2
 0003:0000CEE8  __HandlerPtr
 0003:0000CEEC  __UserHandlerPtr
 0003:0000CEF0  B4491_2
 0003:0000CEF4  ___pCPPdebugHook
 0003:0000CEF8  _pVCL_add_EH
 0003:0000CEFC  _pVCL_clear_EH
 0003:0000CF00  _getExceptionObject
 0003:0000CF04  _raiseExceptObject
 0004:00000000  ___xxInfo
 0004:00000000  T4452_3
